128.72.148.75 - - [02/Jan/2018:04:10:13 +0300] "GET http://service.spb.su/img/yug.png" 200 3418 "http://chevrolet.service.spb.su/" "Mozilla/5.0 (Windows NT 10.0; WOW64) AppleWebKit/537.36 (KHTML, like Gecko) Chrome/61.0.3163.100 YaBrowser/17.10.0.2017 Yowser/2.5 Safari/537.36" 127.0.0.12
128.72.148.75 - - [02/Jan/2018:04:10:13 +0300] "GET http://service.spb.su/img/marshrut.png" 200 3118 "http://chevrolet.service.spb.su/" "Mozilla/5.0 (Windows NT 10.0; WOW64) AppleWebKit/537.36 (KHTML, like Gecko) Chrome/61.0.3163.100 YaBrowser/17.10.0.2017 Yowser/2.5 Safari/537.36" 127.0.0.12
128.72.148.75 - - [02/Jan/2018:04:10:13 +0300] "GET http://service.spb.su/img/yugo-zapad.png" 200 3738 "http://chevrolet.service.spb.su/" "Mozilla/5.0 (Windows NT 10.0; WOW64) AppleWebKit/537.36 (KHTML, like Gecko) Chrome/61.0.3163.100 YaBrowser/17.10.0.2017 Yowser/2.5 Safari/537.36" 127.0.0.12
128.72.148.75 - - [02/Jan/2018:04:10:13 +0300] "GET http://chevrolet.service.spb.su/owl-carousel/owl.carousel.js" 200 79152 "http://chevrolet.service.spb.su/" "Mozilla/5.0 (Windows NT 10.0; WOW64) AppleWebKit/537.36 (KHTML, like Gecko) Chrome/61.0.3163.100 YaBrowser/17.10.0.2017 Yowser/2.5 Safari/537.36" 127.0.0.12
128.72.148.75 - - [02/Jan/2018:04:10:13 +0300] "GET http://chevrolet.service.spb.su/js/bootstrap.js" 200 69255 "http://chevrolet.service.spb.su/" "Mozilla/5.0 (Windows NT 10.0; WOW64) AppleWebKit/537.36 (KHTML, like Gecko) Chrome/61.0.3163.100 YaBrowser/17.10.0.2017 Yowser/2.5 Safari/537.36" 127.0.0.12
128.72.148.75 - - [02/Jan/2018:04:10:13 +0300] "GET http://chevrolet.service.spb.su/img/service-remont-avtoservice-spb.jpg" 200 188421 "http://chevrolet.service.spb.su/" "Mozilla/5.0 (Windows NT 10.0; WOW64) AppleWebKit/537.36 (KHTML, like Gecko) Chrome/61.0.3163.100 YaBrowser/17.10.0.2017 Yowser/2.5 Safari/537.36" 127.0.0.12
128.72.148.75 - - [02/Jan/2018:04:10:14 +0300] "GET http://service.spb.su/img/des1.png" 200 3258 "http://chevrolet.service.spb.su/" "Mozilla/5.0 (Windows NT 10.0; WOW64) AppleWebKit/537.36 (KHTML, like Gecko) Chrome/61.0.3163.100 YaBrowser/17.10.0.2017 Yowser/2.5 Safari/537.36" 127.0.0.12
172.68.10.203 - - [02/Jan/2018:04:06:43 +0300] "GET http://seo.spb.ru/js/dragslideshow.js" 304 0 "https://seo.spb.ru/" "Mozilla/4.0 (compatible; MSIE 8.0; Windows NT 6.1; WOW64; Trident/4.0; SLCC2; .NET CLR 2.0.50727; .NET CLR 3.5.30729; .NET CLR 3.0.30729; Media Center PC 6.0; .NET4.0C; .NET4.0E)" 127.0.0.12
172.68.244.121 - - [02/Jan/2018:04:06:44 +0300] "GET http://seo.spb.ru/fonts/Zhizn.otf" 304 0 "https://seo.spb.ru/" "Mozilla/4.0 (compatible; MSIE 8.0; Windows NT 6.1; WOW64; Trident/4.0; SLCC2; .NET CLR 2.0.50727; .NET CLR 3.5.30729; .NET CLR 3.0.30729; Media Center PC 6.0; .NET4.0C; .NET4.0E)" 127.0.0.12
162.158.93.94 - - [02/Jan/2018:04:06:45 +0300] "GET http://seo.spb.ru/fonts/Banco.woff" 304 0 "https://seo.spb.ru/" "Mozilla/4.0 (compatible; MSIE 8.0; Windows NT 6.1; WOW64; Trident/4.0; SLCC2; .NET CLR 2.0.50727; .NET CLR 3.5.30729; .NET CLR 3.0.30729; Media Center PC 6.0; .NET4.0C; .NET4.0E)" 127.0.0.12
172.68.244.175 - - [02/Jan/2018:04:06:47 +0300] "GET http://seo.spb.ru/fonts/Banco.ttf" 304 0 "https://seo.spb.ru/" "Mozilla/4.0 (compatible; MSIE 8.0; Windows NT 6.1; WOW64; Trident/4.0; SLCC2; .NET CLR 2.0.50727; .NET CLR 3.5.30729; .NET CLR 3.0.30729; Media Center PC 6.0; .NET4.0C; .NET4.0E)" 127.0.0.12
5.255.253.40 - - [02/Jan/2018:04:06:48 +0300] "GET http://xn--80aaoll7adnckq.kamni.spb.ru/robots.txt" 404 46724 "-" "Mozilla/5.0 (compatible; YandexBot/3.0; +http://yandex.com/bots)" 127.0.0.12
162.158.92.89 - - [02/Jan/2018:04:06:49 +0300] "GET http://seo.spb.ru/fonts/feathericons/feathericons.eot?" 200 1400 "https://seo.spb.ru/" "Mozilla/4.0 (compatible; MSIE 8.0; Windows NT 6.1; WOW64; Trident/4.0; SLCC2; .NET CLR 2.0.50727; .NET CLR 3.5.30729; .NET CLR 3.0.30729; Media Center PC 6.0; .NET4.0C; .NET4.0E)" 127.0.0.12
162.158.89.176 - - [02/Jan/2018:04:06:51 +0300] "GET http://seo.spb.ru/fonts/feathericons/feathericons.woff?2h4ajg" 304 0 "https://seo.spb.ru/" "Mozilla/4.0 (compatible; MSIE 8.0; Windows NT 6.1; WOW64; Trident/4.0; SLCC2; .NET CLR 2.0.50727; .NET CLR 3.5.30729; .NET CLR 3.0.30729; Media Center PC 6.0; .NET4.0C; .NET4.0E)" 127.0.0.12
213.180.203.5 - - [02/Jan/2018:04:06:52 +0300] "GET http://xn--80aaoll7adnckq.kamni.spb.ru/assets/images/work-proces/kamneobrabatyvayushhij-zavod-spb-11.jpg" 200 184529 "-" "Mozilla/5.0 (compatible; YandexImages/3.0; +http://yandex.com/bots)" 127.0.0.12
162.158.92.221 - - [02/Jan/2018:04:06:52 +0300] "GET http://seo.spb.ru/fonts/feathericons/feathericons.ttf?2h4ajg" 200 1216 "https://seo.spb.ru/" "Mozilla/4.0 (compatible; MSIE 8.0; Windows NT 6.1; WOW64; Trident/4.0; SLCC2; .NET CLR 2.0.50727; .NET CLR 3.5.30729; .NET CLR 3.0.30729; Media Center PC 6.0; .NET4.0C; .NET4.0E)" 127.0.0.12
171.25.193.25 - - [02/Jan/2018:04:07:28 +0300] "GET http://forums.services/" 200 78464 "http://gloryhole-private.hotblog.top" "Mozilla/5.0 (Windows NT 10.0; WOW64) AppleWebKit/537.36 (KHTML, like Gecko) Chrome/56.0.2924.87 YaBrowser/17.3.0.1785 Yowser/2.5 Safari/537.36" 127.0.0.12
192.160.102.168 - - [02/Jan/2018:04:07:46 +0300] "POST http://forums.services/theme/add" 302 336 "http://forums.services/" "Mozilla/5.0 (Windows NT 10.0; WOW64) AppleWebKit/537.36 (KHTML, like Gecko) Chrome/56.0.2924.87 YaBrowser/17.3.0.1785 Yowser/2.5 Safari/537.36" 127.0.0.12
192.160.102.168 - - [02/Jan/2018:04:07:48 +0300] "GET http://forums.services/" 200 79019 "http://forums.services/" "Mozilla/5.0 (Windows NT 10.0; WOW64) AppleWebKit/537.36 (KHTML, like Gecko) Chrome/56.0.2924.87 YaBrowser/17.3.0.1785 Yowser/2.5 Safari/537.36" 127.0.0.12
54.36.148.235 - - [02/Jan/2018:04:08:19 +0300] "GET http://jaguar.service.msk.su/" 200 25311 "-" "Mozilla/5.0 (compatible; AhrefsBot/5.2; +http://ahrefs.com/robot/)" 127.0.0.11
46.166.199.137 - - [02/Jan/2018:04:08:24 +0300] "GET http://www.applebus.ru/novoe/index.php" 404 12407 "http://www.applebus.ru/novoe/index.php" "Mozilla/5.0 (Windows NT 10.0; WOW64) AppleWebKit/537.36 (KHTML, like Gecko) Chrome/57.0.2987.133 Safari/537.36" 127.0.0.2
141.8.142.62 - - [02/Jan/2018:04:11:03 +0300] "GET http://honda.service.msk.su/robots.txt" 200 107 "-" "Mozilla/5.0 (compatible; YandexBot/3.0; +http://yandex.com/bots)" 127.0.0.11
178.154.171.16 - - [02/Jan/2018:04:11:08 +0300] "GET http://honda.service.msk.su/sitemap.xml" 200 3722 "-" "Mozilla/5.0 (compatible; YandexBot/3.0; +http://yandex.com/bots)" 127.0.0.11
37.59.98.169 - - [02/Jan/2018:04:11:31 +0300] "HEAD http://chevrolet.service.spb.su/img/service-remont-avtoservice-spb.jpg" 200 0 "http://chevrolet.service.spb.su/img/service-remont-avtoservice-spb.jpg" "WordPress/4.9.1; http://xn--80acczpdnb7a3h.buswebco.com" 127.0.0.12
37.59.98.169 - - [02/Jan/2018:04:11:31 +0300] "HEAD http://chevrolet.service.spb.su/img/service-remont-avtoservice-spb.jpg" 200 0 "http://chevrolet.service.spb.su/img/service-remont-avtoservice-spb.jpg" "WordPress/4.9.1; http://xn--80acczpdnb7a3h.buswebco.com" 127.0.0.12
5.255.230.146 - - [02/Jan/2018:04:12:11 +0300] "GET http://xn--80afn.service.spb.su/" 200 32800 "-" "Mozilla/5.0 (compatible; YandexMetrika/2.0; +http://yandex.com/bots mtmon01it.mtrs.yandex.ru)" 127.0.0.12
172.68.211.131 - - [02/Jan/2018:04:12:14 +0300] "GET http://area.spb.ru/" 200 5218 "-" "Mozilla/5.0 (Windows NT 6.1) AppleWebKit/537.36 (KHTML, like Gecko) Chrome/55.0.2883.87 Safari/537.36" 127.0.0.12
80.93.54.19 - - [02/Jan/2018:04:15:04 +0300] "GET http://service.spb.su/partner.txt" 200 3 "-" "-" 127.0.0.12
5.255.230.146 - - [02/Jan/2018:04:15:04 +0300] "GET http://mini.service.spb.su/" 200 31804 "-" "Mozilla/5.0 (compatible; YandexMetrika/2.0; +http://yandex.com/bots mtmon01it.mtrs.yandex.ru)" 127.0.0.12
80.93.54.19 - - [02/Jan/2018:04:15:25 +0300] "GET http://service.spb.su/partner.txt" 200 3 "-" "-" 127.0.0.12
5.255.230.146 - - [02/Jan/2018:04:15:25 +0300] "GET http://porshe.service.spb.su/" 200 29470 "-" "Mozilla/5.0 (compatible; YandexMetrika/2.0; +http://yandex.com/bots mtmon01it.mtrs.yandex.ru)" 127.0.0.12
37.110.98.9 - - [02/Jan/2018:04:15:43 +0300] "GET http://www.applebus.ru/sites/default/files/1man.jpg" 200 46393 "http://yandex.ru/clck/jsredir?from=yandex.ru%3Bsearch%3Bweb%3B%3B&text=&etext=1653.MWC5e9NZtYwIQonREBagWUNNm0DzxmMbXnRPje1i51Nq9AYBpCafkhEDbJP-5lBv.15d29247480920c0b8421898ef8935f25385cad0&uuid=&state=_BLhILn4SxNIvvL0W45KSic66uCIg23qh8iRG98qeIXmeppkgUc0YM1sNxN_KHOPADPyHdOKa1Y&data=UlNrNmk5WktYejR0eWJFYk1LdmtxaTNyRlFRQVV0QnhLcFlpVk5EcEttS1ZFcDVxWkUteW5JS2xHZG1lNGV2ZEllV2lXdUhaMkxrUjNoVlhaVTc2OTNpSEIybUxVcUNValdKREhuU3d3T3l2RF9EVml3TzA1a3lRMm9CdWJnY2V4ZFZXeUtzV2R4WWtzcHlzTnRBWHhR&b64e=2&sign=5360faada4659927c7ed8163221cb9c2&keyno=0&cst=AiuY0DBWFJ7IXge4WdYJQYpgPUyh7uQl51KqydVzwnEDyklvUnFNR6UfSN5b2vBzbp1Xje5m_oj7If2fEVuCNCIU5hiL9FuFAXniJlfWyo1mHI5e5OY_HNrZdSVGeplpYInwNM5A27hEAwpUiEHvoPTU3PLz5LCb&ref=orjY4mGPRjk5boDnW0uvlrrd71vZw9kp5uQozpMtKCWAB4NbWhozjmqjPd27VmQ3gZ1PDAYY4_xA1LtCGxcJDOzIQi-RUaPc17Yu31fYqQYgLuMvuI1sNA&l10n=ru&cts=1514846486308&mc=6.80260868074" "Mozilla/5.0 (compatible; MSIE 10.0; Windows NT 6.1; WOW64; Trident/6.0; MASBJS)" -
80.93.54.19 - - [02/Jan/2018:04:15:45 +0300] "GET http://service.spb.su/partner.txt" 200 3 "-" "-" 127.0.0.12
5.255.230.146 - - [02/Jan/2018:04:15:45 +0300] "GET http://service.spb.su/" 200 44282 "-" "Mozilla/5.0 (compatible; YandexMetrika/2.0; +http://yandex.com/bots mtmon01it.mtrs.yandex.ru)" 127.0.0.12
66.249.66.10 - - [02/Jan/2018:04:17:08 +0300] "GET http://chevrolet.service.spb.su/css/site.css" 200 1852 "http://chevrolet.service.spb.su/" "Mozilla/5.0 (compatible; Googlebot/2.1; +http://www.google.com/bot.html)" 127.0.0.12
5.255.230.146 - - [02/Jan/2018:04:17:13 +0300] "GET http://mercedes.service.spb.su/" 200 20208 "-" "Mozilla/5.0 (compatible; YandexMetrika/2.0; +http://yandex.com/bots mtmon01it.mtrs.yandex.ru)" 127.0.0.6
80.93.54.19 - - [02/Jan/2018:04:18:38 +0300] "GET http://service.spb.su/partner.txt" 200 3 "-" "-" 127.0.0.12
5.255.230.146 - - [02/Jan/2018:04:18:38 +0300] "GET http://infiniti.service.spb.su/" 200 31810 "-" "Mozilla/5.0 (compatible; YandexMetrika/2.0; +http://yandex.com/bots mtmon01it.mtrs.yandex.ru)" 127.0.0.12
128.72.148.75 - - [02/Jan/2018:04:10:14 +0300] "GET http://service.spb.su/img/remont_service_auto.jpg" 200 107707 "http://chevrolet.service.spb.su/" "Mozilla/5.0 (Windows NT 10.0; WOW64) AppleWebKit/537.36 (KHTML, like Gecko) Chrome/61.0.3163.100 YaBrowser/17.10.0.2017 Yowser/2.5 Safari/537.36" 127.0.0.12
128.72.148.75 - - [02/Jan/2018:04:10:14 +0300] "GET http://service.spb.su/img/overlay-dark.png" 404 337 "http://chevrolet.service.spb.su/" "Mozilla/5.0 (Windows NT 10.0; WOW64) AppleWebKit/537.36 (KHTML, like Gecko) Chrome/61.0.3163.100 YaBrowser/17.10.0.2017 Yowser/2.5 Safari/537.36" 127.0.0.12
128.72.148.75 - - [02/Jan/2018:04:10:14 +0300] "GET http://service.spb.su/img/edit.png" 200 3155 "http://chevrolet.service.spb.su/" "Mozilla/5.0 (Windows NT 10.0; WOW64) AppleWebKit/537.36 (KHTML, like Gecko) Chrome/61.0.3163.100 YaBrowser/17.10.0.2017 Yowser/2.5 Safari/537.36" 127.0.0.12
128.72.148.75 - - [02/Jan/2018:04:10:14 +0300] "GET http://service.spb.su/img/avto_service_remont_auto.jpg" 200 136503 "http://chevrolet.service.spb.su/" "Mozilla/5.0 (Windows NT 10.0; WOW64) AppleWebKit/537.36 (KHTML, like Gecko) Chrome/61.0.3163.100 YaBrowser/17.10.0.2017 Yowser/2.5 Safari/537.36" 127.0.0.12
162.158.59.215 - - [02/Jan/2018:04:11:53 +0300] "GET http://seo.spb.ru/ogShow.aspx?name=ogFoot&line=0&from=oGateeu" 404 328 "-" "Mozilla/5.0 (Windows NT 10.0; WOW64) AppleWebKit/537.36 (KHTML, like Gecko) Chrome/61.0.3163.100 Safari/537.36" 127.0.0.12
172.69.22.237 - - [02/Jan/2018:04:12:07 +0300] "GET http://area.spb.ru/ogShow.aspx?name=ogFoot&line=0&from=oGateeu" 404 5218 "-" "Mozilla/5.0 (Windows NT 10.0; WOW64) AppleWebKit/537.36 (KHTML, like Gecko) Chrome/61.0.3163.100 Safari/537.36" 127.0.0.12
46.229.164.100 - - [02/Jan/2018:04:12:25 +0300] "GET http://mikroavtobus.spb.ru/robots.txt" 404 12488 "-" "Mozilla/5.0 (compatible; SemrushBot/1.2~bl; +http://www.semrush.com/bot.html)" 127.0.0.2
51.255.71.113 - - [02/Jan/2018:04:16:21 +0300] "GET http://xn--80afeedo8act0n.kamni.spb.ru/assets/images/work/stoleshnica-iz-naturalnogo-prirodnogo-kamnya-spb.jpg" 200 106727 "-" "Mozilla/5.0 (compatible; AhrefsBot/5.2; +http://ahrefs.com/robot/)" 127.0.0.12
66.249.66.12 - - [02/Jan/2018:04:17:06 +0300] "GET http://chevrolet.service.spb.su/owl-carousel/assets/owl.carousel.css" 200 4621 "http://chevrolet.service.spb.su/" "Mozilla/5.0 (compatible; Googlebot/2.1; +http://www.google.com/bot.html)" 127.0.0.12
66.249.66.12 - - [02/Jan/2018:04:17:07 +0300] "GET http://chevrolet.service.spb.su/css/jquery.fancybox.css" 200 4937 "http://chevrolet.service.spb.su/" "Mozilla/5.0 (compatible; Googlebot/2.1; +http://www.google.com/bot.html)" 127.0.0.12
66.249.66.8 - - [02/Jan/2018:04:17:07 +0300] "GET http://chevrolet.service.spb.su/owl-carousel/owl.theme.css" 404 353 "http://chevrolet.service.spb.su/" "Mozilla/5.0 (compatible; Googlebot/2.1; +http://www.google.com/bot.html)" 127.0.0.12
66.249.66.8 - - [02/Jan/2018:04:17:07 +0300] "GET http://chevrolet.service.spb.su/css/bootstrap.css" 200 146535 "http://chevrolet.service.spb.su/" "Mozilla/5.0 (compatible; Googlebot/2.1; +http://www.google.com/bot.html)" 127.0.0.12
66.249.66.12 - - [02/Jan/2018:04:17:08 +0300] "GET http://chevrolet.service.spb.su/owl-carousel/owl.transitions.css" 404 359 "http://chevrolet.service.spb.su/" "Mozilla/5.0 (compatible; Googlebot/2.1; +http://www.google.com/bot.html)" 127.0.0.12
66.249.66.207 - - [02/Jan/2018:04:22:12 +0300] "GET http://applebus.ru/modules/system/system.messages.css?oifrrr" 200 961 "http://applebus.ru/kratkie-novosti/zakaz-avtobusa-na-55-mest.html" "Mozilla/5.0 (compatible; Googlebot/2.1; +http://www.google.com/bot.html)" 127.0.0.2
66.249.66.205 - - [02/Jan/2018:04:22:12 +0300] "GET http://applebus.ru/sites/all/themes/bus/css/style.css?oifrrr" 200 7436 "http://applebus.ru/kratkie-novosti/zakaz-avtobusa-na-55-mest.html" "Mozilla/5.0 (compatible; Googlebot/2.1; +http://www.google.com/bot.html)" 127.0.0.2
54.36.148.207 - - [02/Jan/2018:04:18:50 +0300] "GET http://ostatki.kamni.spb.ru/%D1%81%D0%BB%D1%8D%D0%B1-fusion30-3" 200 73876 "-" "Mozilla/5.0 (compatible; AhrefsBot/5.2; +http://ahrefs.com/robot/)" 127.0.0.12
80.93.54.19 - - [02/Jan/2018:04:19:53 +0300] "GET http://service.spb.su/partner.txt" 200 3 "-" "-" 127.0.0.12
87.250.224.121 - - [02/Jan/2018:04:19:53 +0300] "GET http://citroen.service.spb.su/" 200 32702 "-" "Mozilla/5.0 (compatible; YandexMetrika/2.0; +http://yandex.com/bots yabs01)" 127.0.0.12
80.93.54.19 - - [02/Jan/2018:04:20:46 +0300] "GET http://service.spb.su/partner.txt" 200 3 "-" "-" 127.0.0.12
5.255.230.146 - - [02/Jan/2018:04:20:46 +0300] "GET http://subaru.service.spb.su/" 200 31787 "-" "Mozilla/5.0 (compatible; YandexMetrika/2.0; +http://yandex.com/bots mtmon01it.mtrs.yandex.ru)" 127.0.0.12
78.46.128.204 - - [02/Jan/2018:04:20:51 +0300] "GET http://9.argente.z8.ru/" 200 5218 "-" "Mozilla/5.0 (compatible; MegaIndex.ru/2.0; +http://megaindex.com/crawler)" 127.0.0.12
216.218.222.14 - - [02/Jan/2018:04:21:50 +0300] "GET http://forums.services/" 200 78464 "http://twerk.music.hotblog.top" "Mozilla/5.0 (Windows NT 5.1; rv:50.0) Gecko/20100101 Firefox/50.0" 127.0.0.12
185.189.14.61 - - [02/Jan/2018:04:21:52 +0300] "POST http://forums.services/theme/add" 302 336 "http://forums.services/" "Mozilla/5.0 (Windows NT 5.1; rv:50.0) Gecko/20100101 Firefox/50.0" 127.0.0.12
46.166.176.166 - - [02/Jan/2018:04:21:54 +0300] "GET http://forums.services/" 200 78800 "http://forums.services/" "Mozilla/5.0 (Windows NT 5.1; rv:50.0) Gecko/20100101 Firefox/50.0" 127.0.0.12
37.59.98.169 - - [02/Jan/2018:04:21:56 +0300] "HEAD http://chevrolet.service.spb.su/img/service-remont-avtoservice-spb.jpg" 200 0 "http://chevrolet.service.spb.su/img/service-remont-avtoservice-spb.jpg" "WordPress/4.9.1; http://xn--80acczpdnb7a3h.buswebco.com" 127.0.0.12
37.59.98.169 - - [02/Jan/2018:04:22:02 +0300] "HEAD http://chevrolet.service.spb.su/img/service-remont-avtoservice-spb.jpg" 200 0 "http://chevrolet.service.spb.su/img/service-remont-avtoservice-spb.jpg" "WordPress/4.9.1; http://xn--80acczpdnb7a3h.buswebco.com" 127.0.0.12
141.8.183.213 - - [02/Jan/2018:04:23:40 +0300] "GET http://applebus.ru/" 200 19021 "-" "Mozilla/5.0 (compatible; YandexBot/3.0; +http://yandex.com/bots)" 127.0.0.2
46.229.164.101 - - [02/Jan/2018:04:24:53 +0300] "GET http://porsche.service.spb.su/robots.txt" 404 335 "-" "Mozilla/5.0 (compatible; SemrushBot/1.2~bl; +http://www.semrush.com/bot.html)" 127.0.0.12
66.249.66.133 - - [02/Jan/2018:04:25:19 +0300] "GET http://dveri.spb.su/sites/default/files/styles/148x280/public/%D0%92%D1%85%D0%BE%D0%B4%D0%BD%D0%B0%D1%8F-%D0%BC%D0%B5%D1%82%D0%B0%D0%BB%D0%BB%D0%B8%D1%87%D0%B5%D1%81%D0%BA%D0%B0%D1%8F-%D0%B4%D0%B2%D0%B5%D1%80%D1%8C-%D0%A4%D0%BE%D1%80%D0%BF%D0%BE%D1%81%D1%82-228.jpg" 200 35437 "-" "Googlebot-Image/1.0" -
213.180.203.42 - - [02/Jan/2018:04:25:25 +0300] "GET http://applebus.ru/" 200 19021 "-" "Mozilla/5.0 (compatible; YandexMetrika/2.0; +http://yandex.com/bots yabs01)" 127.0.0.2
80.93.54.19 - - [02/Jan/2018:04:26:03 +0300] "GET http://service.spb.su/partner.txt" 200 3 "-" "-" 127.0.0.12
37.9.113.66 - - [02/Jan/2018:04:26:03 +0300] "GET http://landrover.service.spb.su/" 200 60171 "-" "Mozilla/5.0 (compatible; YandexMetrika/2.0; +http://yandex.com/bots yabs01)" 127.0.0.12
87.250.224.49 - - [02/Jan/2018:04:26:06 +0300] "GET http://forums.services/" 200 78501 "-" "Mozilla/5.0 (compatible; YandexMetrika/2.0; +http://yandex.com/bots yabs01)" 127.0.0.12
146.185.223.72 - - [02/Jan/2018:04:28:11 +0300] "GET http://infiniti.service.msk.su/" 200 25332 "http://infiniti.service.msk.su/" "Mozilla/5.0 (Windows NT 6.1) AppleWebKit/537.36 (KHTML, like Gecko) Chrome/56.0.2924.87 YaBrowser/17.3.1.840 Yowser/2.5 Safari/537.36" 127.0.0.11
146.185.223.72 - - [02/Jan/2018:04:28:11 +0300] "POST http://infiniti.service.msk.su/" 200 25332 "http://infiniti.service.msk.su/" "Mozilla/5.0 (Windows NT 6.1) AppleWebKit/537.36 (KHTML, like Gecko) Chrome/56.0.2924.87 YaBrowser/17.3.1.840 Yowser/2.5 Safari/537.36" 127.0.0.11
66.249.66.205 - - [02/Jan/2018:04:22:12 +0300] "GET http://applebus.ru/misc/drupal.js?oifrrr" 200 18907 "http://applebus.ru/kratkie-novosti/zakaz-avtobusa-na-55-mest.html" "Mozilla/5.0 (compatible; Googlebot/2.1; +http://www.google.com/bot.html)" 127.0.0.2
66.249.66.209 - - [02/Jan/2018:04:22:13 +0300] "GET http://applebus.ru/modules/user/user.css?oifrrr" 200 1827 "http://applebus.ru/kratkie-novosti/zakaz-avtobusa-na-55-mest.html" "Mozilla/5.0 (compatible; Googlebot/2.1; +http://www.google.com/bot.html)" 127.0.0.2
66.249.66.205 - - [02/Jan/2018:04:22:13 +0300] "GET http://applebus.ru/modules/system/system.theme.css?oifrrr" 200 3711 "http://applebus.ru/kratkie-novosti/zakaz-avtobusa-na-55-mest.html" "Mozilla/5.0 (compatible; Googlebot/2.1; +http://www.google.com/bot.html)" 127.0.0.2
66.249.66.207 - - [02/Jan/2018:04:22:13 +0300] "GET http://applebus.ru/sites/all/modules/jquery_update/replace/jquery/jquery.min.js?v=1.5.2" 404 12352 "http://applebus.ru/kratkie-novosti/zakaz-avtobusa-na-55-mest.html" "Mozilla/5.0 (compatible; Googlebot/2.1; +http://www.google.com/bot.html)" 127.0.0.2
66.249.66.209 - - [02/Jan/2018:04:22:14 +0300] "GET http://applebus.ru/sites/all/themes/bus/css/drupal.css?oifrrr" 200 2680 "http://applebus.ru/kratkie-novosti/zakaz-avtobusa-na-55-mest.html" "Mozilla/5.0 (compatible; Googlebot/2.1; +http://www.google.com/bot.html)" 127.0.0.2
66.249.66.209 - - [02/Jan/2018:04:22:15 +0300] "GET http://applebus.ru/modules/field/theme/field.css?oifrrr" 200 550 "http://applebus.ru/kratkie-novosti/zakaz-avtobusa-na-55-mest.html" "Mozilla/5.0 (compatible; Googlebot/2.1; +http://www.google.com/bot.html)" 127.0.0.2
66.249.66.207 - - [02/Jan/2018:04:22:16 +0300] "GET http://applebus.ru/sites/default/files/languages/ru_BegUAeOJ7CBNiIMpUah9Yt0DCTXMpu3Np485aUTahiw.js?oifrrr" 404 1288 "http://applebus.ru/kratkie-novosti/zakaz-avtobusa-na-55-mest.html" "Mozilla/5.0 (compatible; Googlebot/2.1; +http://www.google.com/bot.html)" -
66.249.66.205 - - [02/Jan/2018:04:22:17 +0300] "GET http://applebus.ru/sites/all/themes/bus/js/script.js?oifrrr" 200 489 "http://applebus.ru/kratkie-novosti/zakaz-avtobusa-na-55-mest.html" "Mozilla/5.0 (compatible; Googlebot/2.1; +http://www.google.com/bot.html)" 127.0.0.2
66.249.66.207 - - [02/Jan/2018:04:22:18 +0300] "GET http://applebus.ru/modules/system/system.menus.css?oifrrr" 200 2035 "http://applebus.ru/kratkie-novosti/zakaz-avtobusa-na-55-mest.html" "Mozilla/5.0 (compatible; Googlebot/2.1; +http://www.google.com/bot.html)" 127.0.0.2
66.249.66.207 - - [02/Jan/2018:04:22:18 +0300] "GET http://applebus.ru/sites/all/themes/bus/css/lightbox.css?oifrrr" 200 2772 "http://applebus.ru/kratkie-novosti/zakaz-avtobusa-na-55-mest.html" "Mozilla/5.0 (compatible; Googlebot/2.1; +http://www.google.com/bot.html)" 127.0.0.2
66.249.66.207 - - [02/Jan/2018:04:22:19 +0300] "GET http://applebus.ru/modules/system/system.base.css?oifrrr" 200 5428 "http://applebus.ru/kratkie-novosti/zakaz-avtobusa-na-55-mest.html" "Mozilla/5.0 (compatible; Googlebot/2.1; +http://www.google.com/bot.html)" 127.0.0.2
66.249.66.205 - - [02/Jan/2018:04:22:20 +0300] "GET http://applebus.ru/sites/all/themes/bus/js/lightbox.js?oifrrr" 200 10174 "http://applebus.ru/kratkie-novosti/zakaz-avtobusa-na-55-mest.html" "Mozilla/5.0 (compatible; Googlebot/2.1; +http://www.google.com/bot.html)" 127.0.0.2
66.249.66.205 - - [02/Jan/2018:04:22:20 +0300] "GET http://applebus.ru/modules/node/node.css?oifrrr" 200 144 "http://applebus.ru/kratkie-novosti/zakaz-avtobusa-na-55-mest.html" "Mozilla/5.0 (compatible; Googlebot/2.1; +http://www.google.com/bot.html)" 127.0.0.2
80.93.54.19 - - [02/Jan/2018:04:29:24 +0300] "GET http://service.spb.su/partner.txt" 200 3 "-" "-" 127.0.0.12
5.255.230.146 - - [02/Jan/2018:04:29:24 +0300] "GET http://jaguar.service.spb.su/" 200 31800 "-" "Mozilla/5.0 (compatible; YandexMetrika/2.0; +http://yandex.com/bots mtmon01it.mtrs.yandex.ru)" 127.0.0.12
80.93.54.19 - - [02/Jan/2018:04:29:24 +0300] "GET http://service.spb.su/partner.txt" 200 3 "-" "-" 127.0.0.12
5.255.230.146 - - [02/Jan/2018:04:29:24 +0300] "GET http://toyota.service.spb.su/" 200 32437 "-" "Mozilla/5.0 (compatible; YandexMetrika/2.0; +http://yandex.com/bots mtmon01it.mtrs.yandex.ru)" 127.0.0.12
5.255.230.146 - - [02/Jan/2018:04:29:24 +0300] "GET http://cadillac.service.spb.su/" 200 26704 "-" "Mozilla/5.0 (compatible; YandexMetrika/2.0; +http://yandex.com/bots mtmon01it.mtrs.yandex.ru)" 127.0.0.12
5.255.230.146 - - [02/Jan/2018:04:29:26 +0300] "GET http://chevrolet.service.spb.su/" 200 31035 "-" "Mozilla/5.0 (compatible; YandexMetrika/2.0; +http://yandex.com/bots mtmon01it.mtrs.yandex.ru)" 127.0.0.12
66.249.66.88 - - [02/Jan/2018:04:32:31 +0300] "GET http://xn--80abph4b.dveri.spb.su/sites/default/files/2_zheleznaya_dver_garda_75_sm_belyy_yasen._vnutrennyaya_storona._na_sayt.jpg" 200 154468 "-" "Googlebot-Image/1.0" 127.0.0.12
5.18.205.203 - - [02/Jan/2018:04:32:42 +0300] "GET http://chevrolet.service.spb.su/" 200 31035 "https://yandex.ru/clck/jsredir?bu=uniq151485651329922845&from=yandex.ru%3Bsearch%2F%3Bweb%3B%3B&text=&etext=1653.LPKr_baVdszMx4pRhAIQFPc9uFsY-_BOVDxmBQ5n_lnaEbwhhLJ_y38UCSk5QEGJ.bb47da8350eedef7ee584450524ad2129eeb0c09&uuid=&state=PEtFfuTeVD5kpHnK9lio9bb4iM1VPfe4W5x0C0-qwflIRTTifi6VAA,,&&cst=AiuY0DBWFJ5fN_r-AEszk0bnSd9zSix8aJl2fKPOhGbo0_DYuUHpI73513Md4S0OJHzVVgDFI01JmPspg15wYaVkst4GkLWykq79KE4DynuAzKV544OEIU0ooheWxTgc-Vpo6EnHYyIVlsfgZvaT5UtqqErbuqblCNaALLSNayOte-Iei3xf-PisMc1NA7bbg2Er89LofiKy4M0FBAwZBo0teTzwIZQj1-s8h24fPw8hevu545MhPZPnIwte0wm-&data=UlNrNmk5WktYejR0eWJFYk1LdmtxalRsVllnTU9EQlFCc05KQTIzbzlEQURWSUZXZTNFWjNkS2gyeEpmOTF0akNScHdPU2FjRGJHQzNTMXg4VEJyUm1MbUJYYkRhaTRKb2VBVWg2X29DUnpweXdLckVDY3dNQSws&sign=c53bc0ec0e6000f998780fda9a0b4a92&keyno=0&b64e=2&ref=orjY4mGPRjk5boDnW0uvlrrd71vZw9kpVBUyA8nmgRH5pjAsQ9jusohHbtlgyXvCK3ufMrbNts5V6stzrlRdP5nM0A-Q-a5U6PMupxgj3FNp6Fe7QbP_8Q,,&l10n=ru&cts=1514856759463&mc=2.5216406363433186" "Mozilla/5.0 (Windows NT 6.1; Win64; x64) AppleWebKit/537.36 (KHTML, like Gecko) Chrome/63.0.3239.108 Safari/537.36" 127.0.0.12
5.18.205.203 - - [02/Jan/2018:04:32:42 +0300] "GET http://chevrolet.service.spb.su/owl-carousel/assets/owl.carousel.css" 200 4621 "http://chevrolet.service.spb.su/" "Mozilla/5.0 (Windows NT 6.1; Win64; x64) AppleWebKit/537.36 (KHTML, like Gecko) Chrome/63.0.3239.108 Safari/537.36" 127.0.0.12
5.18.205.203 - - [02/Jan/2018:04:32:42 +0300] "GET http://chevrolet.service.spb.su/owl-carousel/owl.theme.css" 404 353 "http://chevrolet.service.spb.su/" "Mozilla/5.0 (Windows NT 6.1; Win64; x64) AppleWebKit/537.36 (KHTML, like Gecko) Chrome/63.0.3239.108 Safari/537.36" 127.0.0.12
5.18.205.203 - - [02/Jan/2018:04:32:42 +0300] "GET http://chevrolet.service.spb.su/css/site.css" 200 1852 "http://chevrolet.service.spb.su/" "Mozilla/5.0 (Windows NT 6.1; Win64; x64) AppleWebKit/537.36 (KHTML, like Gecko) Chrome/63.0.3239.108 Safari/537.36" 127.0.0.12
5.18.205.203 - - [02/Jan/2018:04:32:42 +0300] "GET http://chevrolet.service.spb.su/owl-carousel/owl.transitions.css" 404 359 "http://chevrolet.service.spb.su/" "Mozilla/5.0 (Windows NT 6.1; Win64; x64) AppleWebKit/537.36 (KHTML, like Gecko) Chrome/63.0.3239.108 Safari/537.36" 127.0.0.12
5.18.205.203 - - [02/Jan/2018:04:32:42 +0300] "GET http://chevrolet.service.spb.su/css/jquery.fancybox.css" 200 4937 "http://chevrolet.service.spb.su/" "Mozilla/5.0 (Windows NT 6.1; Win64; x64) AppleWebKit/537.36 (KHTML, like Gecko) Chrome/63.0.3239.108 Safari/537.36" 127.0.0.12
5.18.205.203 - - [02/Jan/2018:04:32:42 +0300] "GET http://chevrolet.service.spb.su/css/bootstrap.css" 200 146535 "http://chevrolet.service.spb.su/" "Mozilla/5.0 (Windows NT 6.1; Win64; x64) AppleWebKit/537.36 (KHTML, like Gecko) Chrome/63.0.3239.108 Safari/537.36" 127.0.0.12
5.18.205.203 - - [02/Jan/2018:04:32:42 +0300] "GET http://chevrolet.service.spb.su/js/jquery-2.1.4.min.js" 200 84345 "http://chevrolet.service.spb.su/" "Mozilla/5.0 (Windows NT 6.1; Win64; x64) AppleWebKit/537.36 (KHTML, like Gecko) Chrome/63.0.3239.108 Safari/537.36" 127.0.0.12
146.185.223.72 - - [02/Jan/2018:04:28:11 +0300] "GET http://infiniti.service.msk.su/" 200 25332 "http://infiniti.service.msk.su/" "Mozilla/5.0 (Windows NT 6.1) AppleWebKit/537.36 (KHTML, like Gecko) Chrome/56.0.2924.87 YaBrowser/17.3.1.840 Yowser/2.5 Safari/537.36" 127.0.0.11
54.36.148.235 - - [02/Jan/2018:04:29:41 +0300] "GET http://dveri.spb.su/sites/default/files/%D0%92%D1%85%D0%BE%D0%B4%D0%BD%D0%B0%D1%8F-%D0%BC%D0%B5%D1%82%D0%B0%D0%BB%D0%BB%D0%B8%D1%87%D0%B5%D1%81%D0%BA%D0%B0%D1%8F-%D0%B4%D0%B2%D0%B5%D1%80%D1%8C-%D0%AD%D0%BB%D1%8C%D0%B1%D0%BE%D1%80-%D0%A2%D0%BE%D0%BA%D0%B8%D0%BE-%D0%94%D1%83%D0%B1_10.jpg" 200 26256 "-" "Mozilla/5.0 (compatible; AhrefsBot/5.2; +http://ahrefs.com/robot/)" -
80.93.54.19 - - [02/Jan/2018:04:30:01 +0300] "GET http://service.spb.su/partner.txt" 200 3 "-" "-" 127.0.0.12
137.74.73.179 - - [02/Jan/2018:04:30:01 +0300] "GET http://service.spb.su/" 200 44253 "http://blacktits.xblog.in" "Mozilla/5.0 (Windows NT 10.0; WOW64) AppleWebKit/537.36 (KHTML, like Gecko) Chrome/57.0.2987.98 Safari/537.36 OPR/44.0.2510.857" 127.0.0.12
80.93.54.19 - - [02/Jan/2018:04:30:49 +0300] "GET http://service.spb.su/partner.txt" 200 3 "-" "-" 127.0.0.12
104.192.0.58 - - [02/Jan/2018:04:30:55 +0300] "POST http://service.spb.su/" 200 44253 "http://service.spb.su/" "Mozilla/5.0 (Windows NT 10.0; WOW64) AppleWebKit/537.36 (KHTML, like Gecko) Chrome/57.0.2987.98 Safari/537.36 OPR/44.0.2510.857" 127.0.0.12
5.255.253.40 - - [02/Jan/2018:04:31:36 +0300] "GET http://mikroavtobus.spb.ru/" 200 13177 "-" "Mozilla/5.0 (compatible; YandexMetrika/2.0; +http://yandex.com/bots yabs01)" 127.0.0.2
80.93.54.19 - - [02/Jan/2018:04:31:38 +0300] "GET http://service.spb.su/partner.txt" 200 3 "-" "-" 127.0.0.12
5.255.230.146 - - [02/Jan/2018:04:31:38 +0300] "GET http://honda.service.spb.su/" 200 31761 "-" "Mozilla/5.0 (compatible; YandexMetrika/2.0; +http://yandex.com/bots mtmon01it.mtrs.yandex.ru)" 127.0.0.12
5.18.205.203 - - [02/Jan/2018:04:32:43 +0300] "GET http://service.spb.su/img/marshrut.png" 200 3118 "http://chevrolet.service.spb.su/" "Mozilla/5.0 (Windows NT 6.1; Win64; x64) AppleWebKit/537.36 (KHTML, like Gecko) Chrome/63.0.3239.108 Safari/537.36" 127.0.0.12
5.18.205.203 - - [02/Jan/2018:04:32:43 +0300] "GET http://service.spb.su/img/edit.png" 200 3155 "http://service.spb.su/css/style.css" "Mozilla/5.0 (Windows NT 6.1; Win64; x64) AppleWebKit/537.36 (KHTML, like Gecko) Chrome/63.0.3239.108 Safari/537.36" 127.0.0.12
5.18.205.203 - - [02/Jan/2018:04:32:43 +0300] "GET http://service.spb.su/img/znak.png" 200 5176 "http://chevrolet.service.spb.su/" "Mozilla/5.0 (Windows NT 6.1; Win64; x64) AppleWebKit/537.36 (KHTML, like Gecko) Chrome/63.0.3239.108 Safari/537.36" 127.0.0.12
5.18.205.203 - - [02/Jan/2018:04:32:43 +0300] "GET http://service.spb.su/fonts/proxima-Regular.ttf" 404 342 "http://service.spb.su/css/style.css" "Mozilla/5.0 (Windows NT 6.1; Win64; x64) AppleWebKit/537.36 (KHTML, like Gecko) Chrome/63.0.3239.108 Safari/537.36" 127.0.0.12
5.18.205.203 - - [02/Jan/2018:04:32:43 +0300] "GET http://service.spb.su/img/yugo-zapad.png" 200 3738 "http://chevrolet.service.spb.su/" "Mozilla/5.0 (Windows NT 6.1; Win64; x64) AppleWebKit/537.36 (KHTML, like Gecko) Chrome/63.0.3239.108 Safari/537.36" 127.0.0.12
5.18.205.203 - - [02/Jan/2018:04:32:43 +0300] "GET http://service.spb.su/img/yug.png" 200 3418 "http://chevrolet.service.spb.su/" "Mozilla/5.0 (Windows NT 6.1; Win64; x64) AppleWebKit/537.36 (KHTML, like Gecko) Chrome/63.0.3239.108 Safari/537.36" 127.0.0.12
5.18.205.203 - - [02/Jan/2018:04:32:43 +0300] "GET http://service.spb.su/fonts/Lato-Light.ttf" 200 81830 "http://service.spb.su/css/style.css" "Mozilla/5.0 (Windows NT 6.1; Win64; x64) AppleWebKit/537.36 (KHTML, like Gecko) Chrome/63.0.3239.108 Safari/537.36" 127.0.0.12
5.18.205.203 - - [02/Jan/2018:04:32:43 +0300] "GET http://service.spb.su/fonts/open_sans_condensed.ttf" 200 71224 "http://service.spb.su/css/style.css" "Mozilla/5.0 (Windows NT 6.1; Win64; x64) AppleWebKit/537.36 (KHTML, like Gecko) Chrome/63.0.3239.108 Safari/537.36" 127.0.0.12
5.18.205.203 - - [02/Jan/2018:04:32:42 +0300] "GET http://chevrolet.service.spb.su/js/jquery.fancybox.pack.js" 200 23135 "http://chevrolet.service.spb.su/" "Mozilla/5.0 (Windows NT 6.1; Win64; x64) AppleWebKit/537.36 (KHTML, like Gecko) Chrome/63.0.3239.108 Safari/537.36" 127.0.0.12
5.18.205.203 - - [02/Jan/2018:04:32:42 +0300] "GET http://service.spb.su/css/style.css" 200 120195 "http://chevrolet.service.spb.su/" "Mozilla/5.0 (Windows NT 6.1; Win64; x64) AppleWebKit/537.36 (KHTML, like Gecko) Chrome/63.0.3239.108 Safari/537.36" 127.0.0.12
5.18.205.203 - - [02/Jan/2018:04:32:42 +0300] "GET http://chevrolet.service.spb.su/js/tel.js" 200 74 "http://chevrolet.service.spb.su/" "Mozilla/5.0 (Windows NT 6.1; Win64; x64) AppleWebKit/537.36 (KHTML, like Gecko) Chrome/63.0.3239.108 Safari/537.36" 127.0.0.12
5.18.205.203 - - [02/Jan/2018:04:32:42 +0300] "GET http://chevrolet.service.spb.su/js/maskedinput.js" 200 10317 "http://chevrolet.service.spb.su/" "Mozilla/5.0 (Windows NT 6.1; Win64; x64) AppleWebKit/537.36 (KHTML, like Gecko) Chrome/63.0.3239.108 Safari/537.36" 127.0.0.12
5.18.205.203 - - [02/Jan/2018:04:32:42 +0300] "GET http://chevrolet.service.spb.su/owl-carousel/owl.carousel.js" 200 79152 "http://chevrolet.service.spb.su/" "Mozilla/5.0 (Windows NT 6.1; Win64; x64) AppleWebKit/537.36 (KHTML, like Gecko) Chrome/63.0.3239.108 Safari/537.36" 127.0.0.12
5.18.205.203 - - [02/Jan/2018:04:32:43 +0300] "GET http://chevrolet.service.spb.su/img/logo.jpg" 200 8498 "http://chevrolet.service.spb.su/" "Mozilla/5.0 (Windows NT 6.1; Win64; x64) AppleWebKit/537.36 (KHTML, like Gecko) Chrome/63.0.3239.108 Safari/537.36" 127.0.0.12
5.18.205.203 - - [02/Jan/2018:04:32:43 +0300] "GET http://chevrolet.service.spb.su/img/auto-service.jpg" 200 11392 "http://chevrolet.service.spb.su/" "Mozilla/5.0 (Windows NT 6.1; Win64; x64) AppleWebKit/537.36 (KHTML, like Gecko) Chrome/63.0.3239.108 Safari/537.36" 127.0.0.12
5.18.205.203 - - [02/Jan/2018:04:32:43 +0300] "GET http://chevrolet.service.spb.su/js/bootstrap.js" 200 69255 "http://chevrolet.service.spb.su/" "Mozilla/5.0 (Windows NT 6.1; Win64; x64) AppleWebKit/537.36 (KHTML, like Gecko) Chrome/63.0.3239.108 Safari/537.36" 127.0.0.12
5.18.205.203 - - [02/Jan/2018:04:32:43 +0300] "GET http://service.spb.su/img/sever.png" 200 3380 "http://chevrolet.service.spb.su/" "Mozilla/5.0 (Windows NT 6.1; Win64; x64) AppleWebKit/537.36 (KHTML, like Gecko) Chrome/63.0.3239.108 Safari/537.36" 127.0.0.12
5.18.205.203 - - [02/Jan/2018:04:32:43 +0300] "GET http://chevrolet.service.spb.su/img/service-remont-avtoservice-spb.jpg" 200 188421 "http://chevrolet.service.spb.su/" "Mozilla/5.0 (Windows NT 6.1; Win64; x64) AppleWebKit/537.36 (KHTML, like Gecko) Chrome/63.0.3239.108 Safari/537.36" 127.0.0.12
5.18.205.203 - - [02/Jan/2018:04:32:43 +0300] "GET http://service.spb.su/img/remont_service_auto.jpg" 200 107707 "http://service.spb.su/css/style.css" "Mozilla/5.0 (Windows NT 6.1; Win64; x64) AppleWebKit/537.36 (KHTML, like Gecko) Chrome/63.0.3239.108 Safari/537.36" 127.0.0.12
5.18.205.203 - - [02/Jan/2018:04:32:43 +0300] "GET http://chevrolet.service.spb.su/fonts/Proxima-Nova-Thin.otf" 200 90796 "http://chevrolet.service.spb.su/css/site.css" "Mozilla/5.0 (Windows NT 6.1; Win64; x64) AppleWebKit/537.36 (KHTML, like Gecko) Chrome/63.0.3239.108 Safari/537.36" 127.0.0.12
5.18.205.203 - - [02/Jan/2018:04:32:43 +0300] "GET http://service.spb.su/img/avto_service_remont_auto.jpg" 200 136503 "http://service.spb.su/css/style.css" "Mozilla/5.0 (Windows NT 6.1; Win64; x64) AppleWebKit/537.36 (KHTML, like Gecko) Chrome/63.0.3239.108 Safari/537.36" 127.0.0.12
5.18.205.203 - - [02/Jan/2018:04:32:44 +0300] "GET http://chevrolet.service.spb.su/favicon.png" 200 19691 "http://chevrolet.service.spb.su/" "Mozilla/5.0 (Windows NT 6.1; Win64; x64) AppleWebKit/537.36 (KHTML, like Gecko) Chrome/63.0.3239.108 Safari/537.36" 127.0.0.12
80.93.54.19 - - [02/Jan/2018:04:34:55 +0300] "GET http://service.spb.su/partner.txt" 200 3 "-" "-" 127.0.0.12
77.93.108.9 - - [02/Jan/2018:04:34:55 +0300] "GET http://toyota.service.spb.su/" 200 32437 "-" "Mozilla/5.0 (Windows NT 10.0; WOW64) AppleWebKit/537.36 (KHTML, like Gecko) Chrome/62.0.3202.94 YaBrowser/17.11.0.2191 Yowser/2.5 Safari/537.36" 127.0.0.12
77.93.108.9 - - [02/Jan/2018:04:34:55 +0300] "GET http://toyota.service.spb.su/owl-carousel/assets/owl.carousel.css" 200 4621 "http://toyota.service.spb.su/" "Mozilla/5.0 (Windows NT 10.0; WOW64) AppleWebKit/537.36 (KHTML, like Gecko) Chrome/62.0.3202.94 YaBrowser/17.11.0.2191 Yowser/2.5 Safari/537.36" 127.0.0.12
77.93.108.9 - - [02/Jan/2018:04:34:55 +0300] "GET http://toyota.service.spb.su/owl-carousel/owl.theme.css" 404 350 "http://toyota.service.spb.su/" "Mozilla/5.0 (Windows NT 10.0; WOW64) AppleWebKit/537.36 (KHTML, like Gecko) Chrome/62.0.3202.94 YaBrowser/17.11.0.2191 Yowser/2.5 Safari/537.36" 127.0.0.12
77.93.108.9 - - [02/Jan/2018:04:34:55 +0300] "GET http://toyota.service.spb.su/css/jquery.fancybox.css" 200 4937 "http://toyota.service.spb.su/" "Mozilla/5.0 (Windows NT 10.0; WOW64) AppleWebKit/537.36 (KHTML, like Gecko) Chrome/62.0.3202.94 YaBrowser/17.11.0.2191 Yowser/2.5 Safari/537.36" 127.0.0.12
77.93.108.9 - - [02/Jan/2018:04:34:55 +0300] "GET http://toyota.service.spb.su/owl-carousel/owl.transitions.css" 404 356 "http://toyota.service.spb.su/" "Mozilla/5.0 (Windows NT 10.0; WOW64) AppleWebKit/537.36 (KHTML, like Gecko) Chrome/62.0.3202.94 YaBrowser/17.11.0.2191 Yowser/2.5 Safari/537.36" 127.0.0.12
77.93.108.9 - - [02/Jan/2018:04:34:55 +0300] "GET http://toyota.service.spb.su/css/site.css" 200 1852 "http://toyota.service.spb.su/" "Mozilla/5.0 (Windows NT 10.0; WOW64) AppleWebKit/537.36 (KHTML, like Gecko) Chrome/62.0.3202.94 YaBrowser/17.11.0.2191 Yowser/2.5 Safari/537.36" 127.0.0.12
77.93.108.9 - - [02/Jan/2018:04:34:55 +0300] "GET http://toyota.service.spb.su/js/jquery.fancybox.pack.js" 200 23135 "http://toyota.service.spb.su/" "Mozilla/5.0 (Windows NT 10.0; WOW64) AppleWebKit/537.36 (KHTML, like Gecko) Chrome/62.0.3202.94 YaBrowser/17.11.0.2191 Yowser/2.5 Safari/537.36" 127.0.0.12
77.93.108.9 - - [02/Jan/2018:04:34:55 +0300] "GET http://toyota.service.spb.su/js/tel.js" 200 74 "http://toyota.service.spb.su/" "Mozilla/5.0 (Windows NT 10.0; WOW64) AppleWebKit/537.36 (KHTML, like Gecko) Chrome/62.0.3202.94 YaBrowser/17.11.0.2191 Yowser/2.5 Safari/537.36" 127.0.0.12
77.93.108.9 - - [02/Jan/2018:04:34:55 +0300] "GET http://toyota.service.spb.su/js/maskedinput.js" 200 10317 "http://toyota.service.spb.su/" "Mozilla/5.0 (Windows NT 10.0; WOW64) AppleWebKit/537.36 (KHTML, like Gecko) Chrome/62.0.3202.94 YaBrowser/17.11.0.2191 Yowser/2.5 Safari/537.36" 127.0.0.12
77.93.108.9 - - [02/Jan/2018:04:34:55 +0300] "GET http://toyota.service.spb.su/js/jquery-2.1.4.min.js" 200 84345 "http://toyota.service.spb.su/" "Mozilla/5.0 (Windows NT 10.0; WOW64) AppleWebKit/537.36 (KHTML, like Gecko) Chrome/62.0.3202.94 YaBrowser/17.11.0.2191 Yowser/2.5 Safari/537.36" 127.0.0.12
77.93.108.9 - - [02/Jan/2018:04:34:55 +0300] "GET http://toyota.service.spb.su/owl-carousel/owl.carousel.js" 200 79152 "http://toyota.service.spb.su/" "Mozilla/5.0 (Windows NT 10.0; WOW64) AppleWebKit/537.36 (KHTML, like Gecko) Chrome/62.0.3202.94 YaBrowser/17.11.0.2191 Yowser/2.5 Safari/537.36" 127.0.0.12
77.93.108.9 - - [02/Jan/2018:04:34:55 +0300] "GET http://toyota.service.spb.su/css/bootstrap.css" 200 146535 "http://toyota.service.spb.su/" "Mozilla/5.0 (Windows NT 10.0; WOW64) AppleWebKit/537.36 (KHTML, like Gecko) Chrome/62.0.3202.94 YaBrowser/17.11.0.2191 Yowser/2.5 Safari/537.36" 127.0.0.12
77.93.108.9 - - [02/Jan/2018:04:34:55 +0300] "GET http://toyota.service.spb.su/img/logo.jpg" 200 14116 "http://toyota.service.spb.su/" "Mozilla/5.0 (Windows NT 10.0; WOW64) AppleWebKit/537.36 (KHTML, like Gecko) Chrome/62.0.3202.94 YaBrowser/17.11.0.2191 Yowser/2.5 Safari/537.36" 127.0.0.12
77.93.108.9 - - [02/Jan/2018:04:34:55 +0300] "GET http://toyota.service.spb.su/img/auto-service.jpg" 200 15113 "http://toyota.service.spb.su/" "Mozilla/5.0 (Windows NT 10.0; WOW64) AppleWebKit/537.36 (KHTML, like Gecko) Chrome/62.0.3202.94 YaBrowser/17.11.0.2191 Yowser/2.5 Safari/537.36" 127.0.0.12
77.93.108.9 - - [02/Jan/2018:04:34:55 +0300] "GET http://toyota.service.spb.su/img/service-remont-avtoservice-spb.jpg" 200 73652 "http://toyota.service.spb.su/" "Mozilla/5.0 (Windows NT 10.0; WOW64) AppleWebKit/537.36 (KHTML, like Gecko) Chrome/62.0.3202.94 YaBrowser/17.11.0.2191 Yowser/2.5 Safari/537.36" 127.0.0.12
77.93.108.9 - - [02/Jan/2018:04:34:55 +0300] "GET http://toyota.service.spb.su/js/bootstrap.js" 200 69255 "http://toyota.service.spb.su/" "Mozilla/5.0 (Windows NT 10.0; WOW64) AppleWebKit/537.36 (KHTML, like Gecko) Chrome/62.0.3202.94 YaBrowser/17.11.0.2191 Yowser/2.5 Safari/537.36" 127.0.0.12
77.93.108.9 - - [02/Jan/2018:04:34:55 +0300] "GET http://service.spb.su/img/yug.png" 200 3418 "http://toyota.service.spb.su/" "Mozilla/5.0 (Windows NT 10.0; WOW64) AppleWebKit/537.36 (KHTML, like Gecko) Chrome/62.0.3202.94 YaBrowser/17.11.0.2191 Yowser/2.5 Safari/537.36" 127.0.0.12
77.93.108.9 - - [02/Jan/2018:04:34:55 +0300] "GET http://service.spb.su/img/znak.png" 200 5176 "http://toyota.service.spb.su/" "Mozilla/5.0 (Windows NT 10.0; WOW64) AppleWebKit/537.36 (KHTML, like Gecko) Chrome/62.0.3202.94 YaBrowser/17.11.0.2191 Yowser/2.5 Safari/537.36" 127.0.0.12
77.93.108.9 - - [02/Jan/2018:04:34:55 +0300] "GET http://service.spb.su/fonts/proxima-Regular.ttf" 404 342 "http://service.spb.su/css/style.css" "Mozilla/5.0 (Windows NT 10.0; WOW64) AppleWebKit/537.36 (KHTML, like Gecko) Chrome/62.0.3202.94 YaBrowser/17.11.0.2191 Yowser/2.5 Safari/537.36" 127.0.0.12
77.93.108.9 - - [02/Jan/2018:04:34:55 +0300] "GET http://service.spb.su/img/Service-remon-sto.jpg" 200 42249 "http://toyota.service.spb.su/" "Mozilla/5.0 (Windows NT 10.0; WOW64) AppleWebKit/537.36 (KHTML, like Gecko) Chrome/62.0.3202.94 YaBrowser/17.11.0.2191 Yowser/2.5 Safari/537.36" 127.0.0.12
77.93.108.9 - - [02/Jan/2018:04:34:56 +0300] "GET http://service.spb.su/img/overlay-dark.png" 404 337 "http://service.spb.su/css/style.css" "Mozilla/5.0 (Windows NT 10.0; WOW64) AppleWebKit/537.36 (KHTML, like Gecko) Chrome/62.0.3202.94 YaBrowser/17.11.0.2191 Yowser/2.5 Safari/537.36" 127.0.0.12
77.93.108.9 - - [02/Jan/2018:04:34:56 +0300] "GET http://service.spb.su/fonts/open_sans_condensed.ttf" 200 71224 "http://service.spb.su/css/style.css" "Mozilla/5.0 (Windows NT 10.0; WOW64) AppleWebKit/537.36 (KHTML, like Gecko) Chrome/62.0.3202.94 YaBrowser/17.11.0.2191 Yowser/2.5 Safari/537.36" 127.0.0.12
77.93.108.9 - - [02/Jan/2018:04:34:56 +0300] "GET http://service.spb.su/img/remont_service_auto.jpg" 200 107707 "http://service.spb.su/css/style.css" "Mozilla/5.0 (Windows NT 10.0; WOW64) AppleWebKit/537.36 (KHTML, like Gecko) Chrome/62.0.3202.94 YaBrowser/17.11.0.2191 Yowser/2.5 Safari/537.36" 127.0.0.12
77.93.108.9 - - [02/Jan/2018:04:34:56 +0300] "GET http://service.spb.su/fonts/Proxima-Nova-Thin.otf" 200 90796 "http://service.spb.su/css/style.css" "Mozilla/5.0 (Windows NT 10.0; WOW64) AppleWebKit/537.36 (KHTML, like Gecko) Chrome/62.0.3202.94 YaBrowser/17.11.0.2191 Yowser/2.5 Safari/537.36" 127.0.0.12
77.93.108.9 - - [02/Jan/2018:04:34:56 +0300] "GET http://service.spb.su/fonts/Lato-Light.ttf" 200 644556 "http://service.spb.su/css/style.css" "Mozilla/5.0 (Windows NT 10.0; WOW64) AppleWebKit/537.36 (KHTML, like Gecko) Chrome/62.0.3202.94 YaBrowser/17.11.0.2191 Yowser/2.5 Safari/537.36" 127.0.0.12
77.93.108.9 - - [02/Jan/2018:04:34:56 +0300] "GET http://service.spb.su/img/avto_service_remont_auto.jpg" 200 136503 "http://service.spb.su/css/style.css" "Mozilla/5.0 (Windows NT 10.0; WOW64) AppleWebKit/537.36 (KHTML, like Gecko) Chrome/62.0.3202.94 YaBrowser/17.11.0.2191 Yowser/2.5 Safari/537.36" 127.0.0.12
5.18.205.203 - - [02/Jan/2018:04:32:43 +0300] "GET http://service.spb.su/img/des1.png" 200 3258 "http://service.spb.su/css/style.css" "Mozilla/5.0 (Windows NT 6.1; Win64; x64) AppleWebKit/537.36 (KHTML, like Gecko) Chrome/63.0.3239.108 Safari/537.36" 127.0.0.12
5.18.205.203 - - [02/Jan/2018:04:32:43 +0300] "GET http://service.spb.su/img/overlay-dark.png" 404 337 "http://service.spb.su/css/style.css" "Mozilla/5.0 (Windows NT 6.1; Win64; x64) AppleWebKit/537.36 (KHTML, like Gecko) Chrome/63.0.3239.108 Safari/537.36" 127.0.0.12
5.18.205.203 - - [02/Jan/2018:04:32:43 +0300] "GET http://service.spb.su/fonts/Proxima-Nova-Thin.otf" 200 90796 "http://service.spb.su/css/style.css" "Mozilla/5.0 (Windows NT 6.1; Win64; x64) AppleWebKit/537.36 (KHTML, like Gecko) Chrome/63.0.3239.108 Safari/537.36" 127.0.0.12
151.80.39.10 - - [02/Jan/2018:04:33:55 +0300] "GET http://audi.forums.services/robots.txt" 200 90 "-" "Mozilla/5.0 (compatible; AhrefsBot/5.2; +http://ahrefs.com/robot/)" 127.0.0.12
54.36.148.137 - - [02/Jan/2018:04:33:56 +0300] "GET http://audi.forums.services/q7/themes" 200 25612 "-" "Mozilla/5.0 (compatible; AhrefsBot/5.2; +http://ahrefs.com/robot/)" 127.0.0.12
77.93.108.9 - - [02/Jan/2018:04:34:55 +0300] "GET http://service.spb.su/css/style.css" 200 120195 "http://toyota.service.spb.su/" "Mozilla/5.0 (Windows NT 10.0; WOW64) AppleWebKit/537.36 (KHTML, like Gecko) Chrome/62.0.3202.94 YaBrowser/17.11.0.2191 Yowser/2.5 Safari/537.36" 127.0.0.12
77.93.108.9 - - [02/Jan/2018:04:34:55 +0300] "GET http://service.spb.su/img/yugo-zapad.png" 200 3738 "http://toyota.service.spb.su/" "Mozilla/5.0 (Windows NT 10.0; WOW64) AppleWebKit/537.36 (KHTML, like Gecko) Chrome/62.0.3202.94 YaBrowser/17.11.0.2191 Yowser/2.5 Safari/537.36" 127.0.0.12
77.93.108.9 - - [02/Jan/2018:04:34:55 +0300] "GET http://service.spb.su/img/marshrut.png" 200 3118 "http://toyota.service.spb.su/" "Mozilla/5.0 (Windows NT 10.0; WOW64) AppleWebKit/537.36 (KHTML, like Gecko) Chrome/62.0.3202.94 YaBrowser/17.11.0.2191 Yowser/2.5 Safari/537.36" 127.0.0.12
77.93.108.9 - - [02/Jan/2018:04:34:55 +0300] "GET http://service.spb.su/img/edit.png" 200 3155 "http://service.spb.su/css/style.css" "Mozilla/5.0 (Windows NT 10.0; WOW64) AppleWebKit/537.36 (KHTML, like Gecko) Chrome/62.0.3202.94 YaBrowser/17.11.0.2191 Yowser/2.5 Safari/537.36" 127.0.0.12
77.93.108.9 - - [02/Jan/2018:04:34:56 +0300] "GET http://service.spb.su/img/des1.png" 200 3258 "http://service.spb.su/css/style.css" "Mozilla/5.0 (Windows NT 10.0; WOW64) AppleWebKit/537.36 (KHTML, like Gecko) Chrome/62.0.3202.94 YaBrowser/17.11.0.2191 Yowser/2.5 Safari/537.36" 127.0.0.12
51.255.71.122 - - [02/Jan/2018:04:35:39 +0300] "GET http://ostatki.kamni.spb.ru/node/12765%23comments" 404 168616 "-" "Mozilla/5.0 (compatible; AhrefsBot/5.2; +http://ahrefs.com/robot/)" 127.0.0.12
51.255.71.115 - - [02/Jan/2018:04:35:49 +0300] "GET http://ostatki.kamni.spb.ru/%D0%BF%D0%BB%D0%B8%D1%82%D0%B0-%D0%BA%D0%B0%D0%BF%D1%83%D1%81%D1%82%D0%B8%D0%BD%D1%81%D0%BA%D0%BE%D0%B5-60030020-8" 200 74045 "-" "Mozilla/5.0 (compatible; AhrefsBot/5.2; +http://ahrefs.com/robot/)" 127.0.0.12
5.45.207.73 - - [02/Jan/2018:04:36:32 +0300] "GET http://xn--80aaoll7adnckq.kamni.spb.ru/assets/images/work/thumbs/vazon-pol-iz-naturalnogo-kamnya-spb.jpg" 200 61071 "-" "Mozilla/5.0 (compatible; YandexImages/3.0; +http://yandex.com/bots)" 127.0.0.12
5.255.230.146 - - [02/Jan/2018:04:36:58 +0300] "GET http://rover.service.spb.su/" 499 0 "-" "Mozilla/5.0 (compatible; YandexMetrika/2.0; +http://yandex.com/bots mtmon01it.mtrs.yandex.ru)" 127.0.0.12
80.93.54.19 - - [02/Jan/2018:04:36:58 +0300] "GET http://service.spb.su/partner.txt" 200 3 "-" "-" 127.0.0.12
54.36.149.50 - - [02/Jan/2018:04:39:25 +0300] "GET http://ostatki.kamni.spb.ru/cart/add/20545" 302 0 "-" "Mozilla/5.0 (compatible; AhrefsBot/5.2; +http://ahrefs.com/robot/)" 127.0.0.12
173.245.54.50 - - [02/Jan/2018:04:40:48 +0300] "GET http://ooy.area.spb.ru/robots.txt" 404 5218 "-" "Mozilla/5.0 (compatible; SemrushBot/1.2~bl; +http://www.semrush.com/bot.html)" 127.0.0.12
77.93.108.9 - - [02/Jan/2018:04:34:56 +0300] "GET http://toyota.service.spb.su/fonts/Proxima-Nova-Thin.otf" 200 90796 "http://toyota.service.spb.su/css/site.css" "Mozilla/5.0 (Windows NT 10.0; WOW64) AppleWebKit/537.36 (KHTML, like Gecko) Chrome/62.0.3202.94 YaBrowser/17.11.0.2191 Yowser/2.5 Safari/537.36" 127.0.0.12
77.93.108.9 - - [02/Jan/2018:04:34:57 +0300] "GET http://toyota.service.spb.su/favicon.png" 200 25186 "http://toyota.service.spb.su/" "Mozilla/5.0 (Windows NT 10.0; WOW64) AppleWebKit/537.36 (KHTML, like Gecko) Chrome/62.0.3202.94 YaBrowser/17.11.0.2191 Yowser/2.5 Safari/537.36" 127.0.0.12
172.68.10.239 - - [02/Jan/2018:04:37:55 +0300] "GET http://seo.spb.ru/" 200 25498 "-" "Mozilla/5.0 (compatible; YandexMetrika/2.0; +http://yandex.com/bots yabs01)" 127.0.0.12
80.93.54.19 - - [02/Jan/2018:04:38:05 +0300] "GET http://service.spb.su/partner.txt" 200 3 "-" "-" 127.0.0.12
5.255.230.146 - - [02/Jan/2018:04:38:05 +0300] "GET http://rover.service.spb.su/" 200 31580 "-" "Mozilla/5.0 (compatible; YandexMetrika/2.0; +http://yandex.com/bots mtmon01it.mtrs.yandex.ru)" 127.0.0.12
54.36.149.62 - - [02/Jan/2018:04:38:20 +0300] "GET http://ostatki.kamni.spb.ru/%D1%81%D0%BB%D1%8D%D0%B1-travertin-30-116" 200 73236 "-" "Mozilla/5.0 (compatible; AhrefsBot/5.2; +http://ahrefs.com/robot/)" 127.0.0.12
54.36.149.103 - - [02/Jan/2018:04:38:31 +0300] "GET http://ostatki.kamni.spb.ru/" 200 167830 "-" "Mozilla/5.0 (compatible; AhrefsBot/5.2; +http://ahrefs.com/robot/)" 127.0.0.12
141.8.142.21 - - [02/Jan/2018:04:40:56 +0300] "GET http://ostatki.kamni.spb.ru/robots.txt" 200 1579 "-" "Mozilla/5.0 (compatible; YandexBot/3.0; +http://yandex.com/bots)" 127.0.0.12
141.8.142.60 - - [02/Jan/2018:04:41:16 +0300] "GET http://ostatki.kamni.spb.ru/node/20415%23comments" 200 74011 "-" "Mozilla/5.0 (compatible; YandexBot/3.0; +http://yandex.com/bots)" 127.0.0.12
80.93.54.19 - - [02/Jan/2018:04:44:02 +0300] "GET http://service.spb.su/partner.txt" 200 3 "-" "-" 127.0.0.12
195.22.126.21 - - [02/Jan/2018:04:44:02 +0300] "GET http://infiniti.service.spb.su/" 200 31789 "http://infiniti.service.spb.su/" "Mozilla/5.0 (Windows NT 6.1) AppleWebKit/537.36 (KHTML, like Gecko) Chrome/56.0.2924.87 Safari/537.36 OPR/43.0.2442.1144" 127.0.0.12
80.93.54.19 - - [02/Jan/2018:04:44:02 +0300] "GET http://service.spb.su/partner.txt" 200 3 "-" "-" 127.0.0.12
195.22.126.21 - - [02/Jan/2018:04:44:03 +0300] "POST http://infiniti.service.spb.su/" 200 31789 "http://infiniti.service.spb.su/" "Mozilla/5.0 (Windows NT 6.1) AppleWebKit/537.36 (KHTML, like Gecko) Chrome/56.0.2924.87 Safari/537.36 OPR/43.0.2442.1144" 127.0.0.12
80.93.54.19 - - [02/Jan/2018:04:44:37 +0300] "GET http://service.spb.su/partner.txt" 200 3 "-" "-" 127.0.0.12
5.255.230.146 - - [02/Jan/2018:04:44:37 +0300] "GET http://chery.service.spb.su/" 200 32296 "-" "Mozilla/5.0 (compatible; YandexMetrika/2.0; +http://yandex.com/bots mtmon01it.mtrs.yandex.ru)" 127.0.0.12
146.185.223.172 - - [02/Jan/2018:04:49:41 +0300] "GET http://infiniti.service.msk.su/" 200 25332 "http://infiniti.service.msk.su/" "Mozilla/5.0 (X11; Ubuntu; Linux x86_64; rv:53.0) Gecko/20100101 Firefox/53.0" 127.0.0.11
146.185.223.172 - - [02/Jan/2018:04:49:42 +0300] "POST http://infiniti.service.msk.su/" 200 25332 "http://infiniti.service.msk.su/" "Mozilla/5.0 (X11; Ubuntu; Linux x86_64; rv:53.0) Gecko/20100101 Firefox/53.0" 127.0.0.11
146.185.223.172 - - [02/Jan/2018:04:49:42 +0300] "GET http://infiniti.service.msk.su/" 200 25332 "http://infiniti.service.msk.su/" "Mozilla/5.0 (X11; Ubuntu; Linux x86_64; rv:53.0) Gecko/20100101 Firefox/53.0" 127.0.0.11
176.107.183.166 - - [02/Jan/2018:04:50:09 +0300] "GET http://forums.services/" 200 78464 "http://orgy.sex.erolove.erolove.in" "Mozilla/5.0 (Windows NT 5.1; rv:50.0) Gecko/20100101 Firefox/50.0" 127.0.0.12
176.107.183.166 - - [02/Jan/2018:04:50:13 +0300] "POST http://forums.services/theme/add" 302 336 "http://forums.services/" "Mozilla/5.0 (Windows NT 5.1; rv:50.0) Gecko/20100101 Firefox/50.0" 127.0.0.12
