188.32.7.32 - - [02/Jan/2018:01:05:08 +0300] "GET http://edem-avto.ru/sites/all/themes/chrome/images/LogoAutoServices.png" 200 65545 "http://edem-avto.ru/%D0%94%D0%B8%D0%B0%D0%B3%D0%BD%D0%BE%D1%81%D1%82%D0%B8%D0%BA%D0%B0-%D0%B4%D0%B2%D0%B8%D0%B3%D0%B0%D1%82%D0%B5%D0%BB%D1%8F" "Mozilla/5.0 (Windows NT 6.1; WOW64; rv:56.0) Gecko/20100101 Firefox/56.0" -
188.32.7.32 - - [02/Jan/2018:01:05:09 +0300] "GET http://edem-avto.ru/sites/all/themes/chrome/images/bg-preview.png" 200 13030 "http://edem-avto.ru/%D0%94%D0%B8%D0%B0%D0%B3%D0%BD%D0%BE%D1%81%D1%82%D0%B8%D0%BA%D0%B0-%D0%B4%D0%B2%D0%B8%D0%B3%D0%B0%D1%82%D0%B5%D0%BB%D1%8F" "Mozilla/5.0 (Windows NT 6.1; WOW64; rv:56.0) Gecko/20100101 Firefox/56.0" -
188.32.7.32 - - [02/Jan/2018:01:05:09 +0300] "GET http://edem-avto.ru/sites/all/themes/chrome/images/bg-image-large.png" 200 18582 "http://edem-avto.ru/%D0%94%D0%B8%D0%B0%D0%B3%D0%BD%D0%BE%D1%81%D1%82%D0%B8%D0%BA%D0%B0-%D0%B4%D0%B2%D0%B8%D0%B3%D0%B0%D1%82%D0%B5%D0%BB%D1%8F" "Mozilla/5.0 (Windows NT 6.1; WOW64; rv:56.0) Gecko/20100101 Firefox/56.0" -
188.32.7.32 - - [02/Jan/2018:01:05:09 +0300] "GET http://edem-avto.ru/bg-menu.png" 200 3836 "http://edem-avto.ru/%D0%94%D0%B8%D0%B0%D0%B3%D0%BD%D0%BE%D1%81%D1%82%D0%B8%D0%BA%D0%B0-%D0%B4%D0%B2%D0%B8%D0%B3%D0%B0%D1%82%D0%B5%D0%BB%D1%8F" "Mozilla/5.0 (Windows NT 6.1; WOW64; rv:56.0) Gecko/20100101 Firefox/56.0" -
188.32.7.32 - - [02/Jan/2018:01:05:09 +0300] "GET http://edem-avto.ru/avtoservis-spb-kirovskiy-rayon.png" 200 45589 "http://edem-avto.ru/%D0%94%D0%B8%D0%B0%D0%B3%D0%BD%D0%BE%D1%81%D1%82%D0%B8%D0%BA%D0%B0-%D0%B4%D0%B2%D0%B8%D0%B3%D0%B0%D1%82%D0%B5%D0%BB%D1%8F" "Mozilla/5.0 (Windows NT 6.1; WOW64; rv:56.0) Gecko/20100101 Firefox/56.0" -
188.32.7.32 - - [02/Jan/2018:01:05:09 +0300] "GET http://edem-avto.ru/sites/all/themes/chrome/images/bg4.jpg" 200 387115 "http://edem-avto.ru/%D0%94%D0%B8%D0%B0%D0%B3%D0%BD%D0%BE%D1%81%D1%82%D0%B8%D0%BA%D0%B0-%D0%B4%D0%B2%D0%B8%D0%B3%D0%B0%D1%82%D0%B5%D0%BB%D1%8F" "Mozilla/5.0 (Windows NT 6.1; WOW64; rv:56.0) Gecko/20100101 Firefox/56.0" -
80.75.132.186 - - [02/Jan/2018:01:05:11 +0300] "GET http://cadillac.service.spb.su/" 200 26704 "-" "Mozilla/5.0 (Windows; U; Windows NT 5.1; en-US; rv:1.8.1.1) Gecko/20061204 Firefox/2.0.0.1" 127.0.0.12
80.75.132.186 - - [02/Jan/2018:01:05:11 +0300] "GET http://chevrolet.service.spb.su/" 200 31035 "-" "Mozilla/5.0 (Windows; U; Windows NT 5.1; en-US; rv:1.8.1.1) Gecko/20061204 Firefox/2.0.0.1" 127.0.0.12
141.8.142.60 - - [02/Jan/2018:01:03:46 +0300] "GET http://dveri.spb.su/sites/default/files/%D0%9C%D0%B5%D0%B6%D0%BA%D0%BE%D0%BC%D0%BD%D0%B0%D1%82%D0%BD%D0%B0%D1%8F-%D0%B4%D0%B2%D0%B5%D1%80%D1%8C-%D0%92%D0%B0%D1%80%D0%B0%D0%B4%D0%BE%D1%80-%D0%9F%D0%B0%D0%BB%D0%B5%D1%80%D0%BC%D0%BE-%D1%81%D0%BE-%D1%81%D1%82%D0%B5%D0%BA%D0%BB%D0%BE%D0%BC-%D1%86%D0%B2%D0%B5%D1%82-%D0%B1%D0%B5%D0%BB%D0%B5%D0%BD%D1%8B%D0%B9-%D0%B4%D1%83%D0%B1.jpg" 200 24883 "-" "Mozilla/5.0 (compatible; YandexBot/3.0; +http://yandex.com/bots)" -
66.249.66.207 - - [02/Jan/2018:01:07:03 +0300] "GET http://applebus.ru/robots.txt" 200 2189 "-" "Mozilla/5.0 (compatible; Googlebot/2.1; +http://www.google.com/bot.html)" 127.0.0.2
66.249.66.207 - - [02/Jan/2018:01:07:24 +0300] "GET http://applebus.ru/" 200 19021 "-" "Mozilla/5.0 (compatible; Googlebot/2.1; +http://www.google.com/bot.html)" 127.0.0.2
31.41.89.206 - - [02/Jan/2018:01:11:34 +0300] "GET http://xn--80aqejg8f.kamni.spb.ru/css/demo.css" 404 55361 "http://xn--80aqejg8f.kamni.spb.ru/" "Mozilla/5.0 (Linux; Android 5.1.1; SAMSUNG SM-J320F Build/LMY47V) AppleWebKit/537.36 (KHTML, like Gecko) SamsungBrowser/6.2 Chrome/56.0.2924.87 Mobile Safari/537.36" 127.0.0.12
216.218.222.12 - - [02/Jan/2018:01:11:45 +0300] "POST http://forums.services/theme/add" 302 360 "http://forums.services/themes" "Mozilla/5.0 (Windows NT 6.1; WOW64) AppleWebKit/537.36 (KHTML, like Gecko) Chrome/57.0.2987.98 Safari/537.36 OPR/44.0.2510.857" 127.0.0.12
216.218.222.12 - - [02/Jan/2018:01:11:48 +0300] "GET http://forums.services/themes" 200 41272 "http://forums.services/themes" "Mozilla/5.0 (Windows NT 6.1; WOW64) AppleWebKit/537.36 (KHTML, like Gecko) Chrome/57.0.2987.98 Safari/537.36 OPR/44.0.2510.857" 127.0.0.12
80.93.54.19 - - [02/Jan/2018:01:13:26 +0300] "GET http://service.spb.su/partner.txt" 200 3 "-" "-" 127.0.0.12
213.180.203.29 - - [02/Jan/2018:01:13:26 +0300] "GET http://peugeot.service.spb.su/" 200 31587 "-" "Mozilla/5.0 (compatible; YandexMetrika/2.0; +http://yandex.com/bots yabs01)" 127.0.0.12
213.180.203.29 - - [02/Jan/2018:01:16:24 +0300] "GET http://dveri.spb.su/sites/default/files/styles/300x568/public/%D0%9B%D0%B0%D0%BC%D0%B8%D0%BD%D0%B8%D1%80%D0%BE%D0%B2%D0%B0%D0%BD%D0%BD%D1%8B%D0%B5-%D0%BC%D0%B5%D0%B6%D0%BA%D0%BE%D0%BC%D0%BD%D0%B0%D1%82%D0%BD%D1%8B%D0%B5-%D0%B4%D0%B2%D0%B5%D1%80%D0%B8-%D0%A4%D0%BE%D0%BA%D1%81%D1%82%D1%80%D0%BE%D1%82-%D0%94%D0%9B%D0%9E-15.jpg" 200 67640 "-" "Mozilla/5.0 (compatible; YandexBot/3.0; +http://yandex.com/bots)" -
80.93.54.19 - - [02/Jan/2018:01:17:45 +0300] "GET http://service.spb.su/partner.txt" 200 3 "-" "-" 127.0.0.12
141.8.142.60 - - [02/Jan/2018:01:17:45 +0300] "GET http://jaguar.service.spb.su/" 200 31800 "-" "Mozilla/5.0 (compatible; YandexMetrika/2.0; +http://yandex.com/bots yabs01)" 127.0.0.12
80.93.54.19 - - [02/Jan/2018:01:19:28 +0300] "GET http://service.spb.su/partner.txt" 200 3 "-" "-" 127.0.0.12
176.77.2.75 - - [02/Jan/2018:01:19:28 +0300] "GET http://infiniti.service.spb.su/" 200 31810 "http://yandex.ru/clck/jsredir?from=yandex.ru%3Bsearch%3Bweb%3B%3B&text=&etext=1653._j9KZxxuRWD-Obu6MAokJP3q5I-rsZD3XhbxmqXnNTSrOOFHBaDWWO7o7kSRy7b5.9f611313da48c3fa188a210e730ec56edac75867&uuid=&state=_BLhILn4SxNIvvL0W45KSic66uCIg23qh8iRG98qeIXmeppkgUc0YD4hgzqAYr5iuWBiLZQy-rY&data=UlNrNmk5WktYejR0eWJFYk1LdmtxbE43LVhtakVMbEVDOEJBdFVqM00ydU9SVmxOTUxuV3BPallhTTZ4am5TeEQ5Ums3aDU5OU1aUDlUU1ZKcTBsczAtd3JiNTR3dkJTTDhUWlhqdV9vTlpCYXVSTGxsRFVPdw&b64e=2&sign=7a5efd49bfbab032aeebb622b3e38075&keyno=0&cst=AiuY0DBWFJ7IXge4WdYJQSaYtyyri96FhNoim3Kt1A_J0eENtbx5w7ArQdB3VeESCewxGiMaF6lJ-apo2jU9ttCV4FJI4KP87JWxC8DBS32_9x8X33ooGUoedUQYS6HARkfPbWsyYGjeFW26ST3y_-tnWwnm-J_l&ref=orjY4mGPRjk5boDnW0uvlrrd71vZw9kp5uQozpMtKCUrYE_V40103uxNg8KYKLmAfdgUYgXX6C33sYJwuGXSP9HG5CWG0y10nPbiXdBwpFqdB5YwroBLA0G76bxkha1v&l10n=ru&cts=1514844463015&mc=6.66784873501" "Mozilla/5.0 (compatible; MSIE 10.0; Windows NT 6.1; Trident/6.0; MASBJS)" 127.0.0.12
37.9.113.63 - - [02/Jan/2018:01:06:33 +0300] "GET http://ostatki.kamni.spb.ru/sites/default/files/styles/medium/public/kupit_granit_gabbro_diabaz.jpg?itok=X6npTdc2" 200 29559 "-" "Mozilla/5.0 (compatible; YandexImages/3.0; +http://yandex.com/bots)" 127.0.0.12
77.88.10.81 - - [02/Jan/2018:01:07:05 +0300] "GET http://citroen.forums.services/robots.txt" 200 96 "-" "Mozilla/5.0 (compatible; YandexBot/3.0; +http://yandex.com/bots)" 127.0.0.12
93.158.158.74 - - [02/Jan/2018:01:07:06 +0300] "GET http://citroen.forums.services/nF0LXLelbHKwSha80" 404 1026 "-" "Mozilla/5.0 (compatible; YandexBot/3.0; +http://yandex.com/bots)" 127.0.0.12
87.250.224.56 - - [02/Jan/2018:01:07:14 +0300] "GET http://rangerover.service.msk.su/robots.txt" 200 117 "-" "Mozilla/5.0 (compatible; YandexBot/3.0; +http://yandex.com/bots)" 127.0.0.11
141.8.142.62 - - [02/Jan/2018:01:07:18 +0300] "GET http://rangerover.service.msk.su/" 200 53751 "-" "Mozilla/5.0 (compatible; YandexBot/3.0; +http://yandex.com/bots)" 127.0.0.11
178.154.171.16 - - [02/Jan/2018:01:07:21 +0300] "GET http://xn--80aqejg8f.kamni.spb.ru/robots.txt" 404 55361 "-" "Mozilla/5.0 (compatible; YandexBot/3.0; +http://yandex.com/bots)" 127.0.0.12
5.255.253.16 - - [02/Jan/2018:01:07:25 +0300] "GET http://xn--80aqejg8f.kamni.spb.ru/assets/images/catalog-img/kamin-iz-prirodnogo-kamnya-spb.jpg" 304 0 "-" "Mozilla/5.0 (compatible; YandexImages/3.0; +http://yandex.com/bots)" 127.0.0.12
162.158.79.72 - - [02/Jan/2018:01:07:35 +0300] "GET http://www.area.spb.ru/" 200 5218 "-" "Mozilla/5.0 (compatible; Googlebot/2.1; +http://www.google.com/bot.html)" 127.0.0.12
162.158.79.72 - - [02/Jan/2018:01:08:44 +0300] "GET http://www.area.spb.ru/" 200 5218 "-" "Mozilla/5.0 (compatible; Googlebot/2.1; +http://www.google.com/bot.html)" 127.0.0.12
216.218.222.12 - - [02/Jan/2018:01:11:25 +0300] "GET http://forums.services/themes" 200 40723 "http://ebony-tube.erolove.top" "Mozilla/5.0 (Windows NT 6.1; WOW64) AppleWebKit/537.36 (KHTML, like Gecko) Chrome/57.0.2987.98 Safari/537.36 OPR/44.0.2510.857" 127.0.0.12
178.154.200.35 - - [02/Jan/2018:01:11:38 +0300] "GET http://dveri.spb.su/sites/default/files/%D0%B8%D0%BD%D1%84%D0%B8%D0%BD%D0%B8%D1%82%D0%B8%20%D0%B7%D0%B0%D0%BC%D0%BE%D0%BA.jpg" 200 67640 "-" "Mozilla/5.0 (compatible; YandexBot/3.0; +http://yandex.com/bots)" -
66.249.66.30 - - [02/Jan/2018:01:12:30 +0300] "GET http://xn--e1aghjcrh1bp7a.kamni.spb.ru/assets/images/work/stoleshnica-iz-naturalnogo-prirodnogo-kamnya-spb.jpg" 200 106727 "-" "Googlebot-Image/1.0" 127.0.0.12
66.249.66.26 - - [02/Jan/2018:01:12:31 +0300] "GET http://xn--80afeedo8act0n.kamni.spb.ru/assets/images/work/stoleshnica-iz-naturalnogo-prirodnogo-kamnya-spb.jpg" 200 106727 "-" "Googlebot-Image/1.0" 127.0.0.12
213.180.203.47 - - [02/Jan/2018:01:14:20 +0300] "GET http://xn--80abph4b.xn--b1adem3b.shop/sites/default/files/2_stalnaya-dver-status1-grey-vnutrennyaya.jpg" 200 134434 "-" "Mozilla/5.0 (compatible; YandexImages/3.0; +http://yandex.com/bots)" 127.0.0.12
141.8.183.215 - - [02/Jan/2018:01:15:59 +0300] "GET http://edem-avto.ru/robots.txt" 404 190 "-" "Mozilla/5.0 (compatible; YandexBot/3.0; +http://yandex.com/bots)" 127.0.0.12
87.250.224.213 - - [02/Jan/2018:01:16:02 +0300] "GET http://edem-avto.ru/%D0%A0%D0%B5%D0%BC%D0%BE%D0%BD%D1%82-Land-Rover" 200 18512 "-" "Mozilla/5.0 (compatible; YandexBot/3.0; +http://yandex.com/bots)" 127.0.0.12
80.93.54.19 - - [02/Jan/2018:01:17:08 +0300] "GET http://service.spb.su/partner.txt" 200 3 "-" "-" 127.0.0.12
95.108.181.75 - - [02/Jan/2018:01:17:08 +0300] "GET http://suzuki.service.spb.su/" 200 31780 "-" "Mozilla/5.0 (compatible; YandexMetrika/2.0; +http://yandex.com/bots yabs01)" 127.0.0.12
5.255.230.146 - - [02/Jan/2018:01:17:22 +0300] "GET http://abto.spb.ru/" 200 134365 "-" "Mozilla/5.0 (compatible; YandexMetrika/2.0; +http://yandex.com/bots mtmon01it.mtrs.yandex.ru)" 127.0.0.12
178.154.171.18 - - [02/Jan/2018:01:17:25 +0300] "GET http://volkswagen.service.spb.su/" 200 19931 "-" "Mozilla/5.0 (compatible; YandexMetrika/2.0; +http://yandex.com/bots yabs01)" 127.0.0.6
176.77.2.75 - - [02/Jan/2018:01:19:34 +0300] "GET http://service.spb.su/fonts/Proxima-Nova-Thin.otf" 200 90796 "http://infiniti.service.spb.su/" "Mozilla/5.0 (compatible; MSIE 10.0; Windows NT 6.1; Trident/6.0; MASBJS)" 127.0.0.12
176.77.2.75 - - [02/Jan/2018:01:19:34 +0300] "GET http://infiniti.service.spb.su/fonts/Proxima-Nova-Thin.otf" 200 90796 "http://infiniti.service.spb.su/" "Mozilla/5.0 (compatible; MSIE 10.0; Windows NT 6.1; Trident/6.0; MASBJS)" 127.0.0.12
176.77.2.75 - - [02/Jan/2018:01:19:34 +0300] "GET http://service.spb.su/fonts/proxima-Regular.ttf" 404 342 "http://infiniti.service.spb.su/" "Mozilla/5.0 (compatible; MSIE 10.0; Windows NT 6.1; Trident/6.0; MASBJS)" 127.0.0.12
176.77.2.75 - - [02/Jan/2018:01:19:34 +0300] "GET http://infiniti.service.spb.su/js/bootstrap.js" 200 69255 "http://infiniti.service.spb.su/" "Mozilla/5.0 (compatible; MSIE 10.0; Windows NT 6.1; Trident/6.0; MASBJS)" 127.0.0.12
176.77.2.75 - - [02/Jan/2018:01:19:34 +0300] "GET http://service.spb.su/fonts/open_sans_condensed.ttf" 200 71224 "http://infiniti.service.spb.su/" "Mozilla/5.0 (compatible; MSIE 10.0; Windows NT 6.1; Trident/6.0; MASBJS)" 127.0.0.12
176.77.2.75 - - [02/Jan/2018:01:19:34 +0300] "GET http://service.spb.su/fonts/Lato-Light.ttf" 200 644556 "http://infiniti.service.spb.su/" "Mozilla/5.0 (compatible; MSIE 10.0; Windows NT 6.1; Trident/6.0; MASBJS)" 127.0.0.12
176.77.2.75 - - [02/Jan/2018:01:19:35 +0300] "GET http://infiniti.service.spb.su/js/jquery-2.1.4.min.js" 200 84345 "http://infiniti.service.spb.su/" "Mozilla/5.0 (compatible; MSIE 10.0; Windows NT 6.1; Trident/6.0; MASBJS)" 127.0.0.12
80.93.54.19 - - [02/Jan/2018:01:20:29 +0300] "GET http://service.spb.su/partner.txt" 200 3 "-" "-" 127.0.0.12
87.250.224.78 - - [02/Jan/2018:01:20:29 +0300] "GET http://daewoo.service.spb.su/" 200 29762 "-" "Mozilla/5.0 (compatible; YandexMetrika/2.0; +http://yandex.com/bots yabs01)" 127.0.0.12
95.108.181.75 - - [02/Jan/2018:01:20:56 +0300] "GET http://ssangyong.service.msk.su/robots.txt" 200 115 "-" "Mozilla/5.0 (compatible; YandexBot/3.0; +http://yandex.com/bots)" 127.0.0.11
178.154.171.18 - - [02/Jan/2018:01:21:00 +0300] "GET http://ssangyong.service.msk.su/" 200 25824 "-" "Mozilla/5.0 (compatible; YandexBot/3.0; +http://yandex.com/bots)" 127.0.0.11
80.93.54.19 - - [02/Jan/2018:01:21:32 +0300] "GET http://service.spb.su/partner.txt" 200 3 "-" "-" 127.0.0.12
178.137.2.11 - - [02/Jan/2018:01:21:32 +0300] "GET http://infiniti.service.spb.su/" 200 31789 "http://infiniti.service.spb.su/" "Mozilla/5.0 (iPhone; CPU iPhone OS 10_3_1 like Mac OS X) AppleWebKit/603.1.30 (KHTML, like Gecko) Version/10.0 Mobile/14E304 Safari/602.1" 127.0.0.12
80.93.54.19 - - [02/Jan/2018:01:21:33 +0300] "GET http://service.spb.su/partner.txt" 200 3 "-" "-" 127.0.0.12
178.137.2.11 - - [02/Jan/2018:01:21:33 +0300] "POST http://infiniti.service.spb.su/" 200 31789 "http://infiniti.service.spb.su/" "Mozilla/5.0 (iPhone; CPU iPhone OS 10_3_1 like Mac OS X) AppleWebKit/603.1.30 (KHTML, like Gecko) Version/10.0 Mobile/14E304 Safari/602.1" 127.0.0.12
80.93.54.19 - - [02/Jan/2018:01:21:51 +0300] "GET http://service.spb.su/partner.txt" 200 3 "-" "-" 127.0.0.12
5.45.207.73 - - [02/Jan/2018:01:21:51 +0300] "GET http://lifan.service.spb.su/" 200 31695 "-" "Mozilla/5.0 (compatible; YandexMetrika/2.0; +http://yandex.com/bots yabs01)" 127.0.0.12
207.46.13.108 - - [02/Jan/2018:01:21:53 +0300] "GET http://land-rover.forums.services/sitemap.xml" 200 425 "-" "Mozilla/5.0 (compatible; bingbot/2.0; +http://www.bing.com/bingbot.htm)" 127.0.0.12
66.249.66.133 - - [02/Jan/2018:01:22:00 +0300] "GET http://dveri.spb.su/sites/default/files/%D0%9C%D0%B5%D0%B6%D0%BA%D0%BE%D0%BC%D0%BD%D0%B0%D1%82%D0%BD%D0%B0%D1%8F-%D0%B4%D0%B2%D0%B5%D1%80%D1%8C-%D0%92%D0%B0%D1%80%D0%B0%D0%B4%D0%BE%D1%80-%D0%A1%D0%BE%D1%80%D0%B5%D0%BD%D1%82%D0%BE-%D1%81%D0%BE-%D1%81%D1%82%D0%B5%D0%BA%D0%BB%D0%BE%D0%BC-%D0%B4%D0%B2%D0%B5-%D0%B2%D1%81%D1%82%D0%B0%D0%B2%D0%BA%D0%B8-%D1%86%D0%B2%D0%B5%D1%82-%D0%BC%D0%B5%D1%82%D0%B0%D0%BB%D0%BB%D0%B8%D0%BA.jpg" 200 23004 "-" "Googlebot-Image/1.0" -
66.249.66.131 - - [02/Jan/2018:01:22:00 +0300] "GET http://dveri.spb.su/sites/default/files/%D0%92%D1%85%D0%BE%D0%B4%D0%BD%D0%B0%D1%8F-%D0%BC%D0%B5%D1%82%D0%B0%D0%BB%D0%BB%D0%B8%D1%87%D0%B5%D1%81%D0%BA%D0%B0%D1%8F-%D0%B4%D0%B2%D0%B5%D1%80%D1%8C-%D0%AD%D0%BB%D1%8C%D0%B1%D0%BE%D1%80-%D0%90%D1%84%D0%B8%D0%BD%D1%8B-%D0%91%D0%B5%D0%BB%D0%B5%D0%BD%D1%8B%D0%B9-%D0%B4%D1%83%D0%B1_0.jpg" 200 24921 "-" "Googlebot-Image/1.0" -
172.68.211.119 - - [02/Jan/2018:01:22:15 +0300] "GET http://seo.spb.ru/ogShow.aspx?name=ogFoot&line=0&from=oGateeu" 404 328 "-" "Mozilla/5.0 (Windows NT 10.0; WOW64) AppleWebKit/537.36 (KHTML, like Gecko) Chrome/61.0.2883.87 Safari/537.36" 127.0.0.12
172.68.211.35 - - [02/Jan/2018:01:22:24 +0300] "GET http://seo.spb.ru/" 200 25498 "-" "Mozilla/5.0 (Windows NT 6.1; Trident/7.0; rv:11.0) like Gecko" 127.0.0.12
172.68.141.239 - - [02/Jan/2018:01:22:44 +0300] "GET http://seo.spb.ru/" 200 25498 "-" "Mozilla/5.0 (Windows NT 6.1) AppleWebKit/537.36 (KHTML, like Gecko) Chrome/55.0.2883.87 Safari/537.36" 127.0.0.12
80.93.54.19 - - [02/Jan/2018:01:22:49 +0300] "GET http://service.spb.su/partner.txt" 200 3 "-" "-" 127.0.0.12
93.185.26.90 - - [02/Jan/2018:01:22:49 +0300] "GET http://hyundai.service.spb.su/" 200 31584 "https://yandex.ru/" "Mozilla/5.0 (Linux; Android 7.0; Redmi Note 4 Build/NRD90M) AppleWebKit/537.36 (KHTML, like Gecko) Chrome/62.0.3202.94 YaBrowser/17.11.0.526.00 Mobile Safari/537.36" 127.0.0.12
93.185.26.90 - - [02/Jan/2018:01:22:49 +0300] "GET http://hyundai.service.spb.su/owl-carousel/assets/owl.carousel.css" 200 4621 "http://hyundai.service.spb.su/" "Mozilla/5.0 (Linux; Android 7.0; Redmi Note 4 Build/NRD90M) AppleWebKit/537.36 (KHTML, like Gecko) Chrome/62.0.3202.94 YaBrowser/17.11.0.526.00 Mobile Safari/537.36" 127.0.0.12
93.185.26.90 - - [02/Jan/2018:01:22:49 +0300] "GET http://hyundai.service.spb.su/owl-carousel/owl.theme.css" 404 351 "http://hyundai.service.spb.su/" "Mozilla/5.0 (Linux; Android 7.0; Redmi Note 4 Build/NRD90M) AppleWebKit/537.36 (KHTML, like Gecko) Chrome/62.0.3202.94 YaBrowser/17.11.0.526.00 Mobile Safari/537.36" 127.0.0.12
93.185.26.90 - - [02/Jan/2018:01:22:49 +0300] "GET http://hyundai.service.spb.su/owl-carousel/owl.transitions.css" 404 357 "http://hyundai.service.spb.su/" "Mozilla/5.0 (Linux; Android 7.0; Redmi Note 4 Build/NRD90M) AppleWebKit/537.36 (KHTML, like Gecko) Chrome/62.0.3202.94 YaBrowser/17.11.0.526.00 Mobile Safari/537.36" 127.0.0.12
93.185.26.90 - - [02/Jan/2018:01:22:49 +0300] "GET http://hyundai.service.spb.su/css/jquery.fancybox.css" 200 4937 "http://hyundai.service.spb.su/" "Mozilla/5.0 (Linux; Android 7.0; Redmi Note 4 Build/NRD90M) AppleWebKit/537.36 (KHTML, like Gecko) Chrome/62.0.3202.94 YaBrowser/17.11.0.526.00 Mobile Safari/537.36" 127.0.0.12
93.185.26.90 - - [02/Jan/2018:01:22:49 +0300] "GET http://hyundai.service.spb.su/css/site.css" 200 1852 "http://hyundai.service.spb.su/" "Mozilla/5.0 (Linux; Android 7.0; Redmi Note 4 Build/NRD90M) AppleWebKit/537.36 (KHTML, like Gecko) Chrome/62.0.3202.94 YaBrowser/17.11.0.526.00 Mobile Safari/537.36" 127.0.0.12
93.185.26.90 - - [02/Jan/2018:01:22:49 +0300] "GET http://hyundai.service.spb.su/js/jquery.fancybox.pack.js" 200 23135 "http://hyundai.service.spb.su/" "Mozilla/5.0 (Linux; Android 7.0; Redmi Note 4 Build/NRD90M) AppleWebKit/537.36 (KHTML, like Gecko) Chrome/62.0.3202.94 YaBrowser/17.11.0.526.00 Mobile Safari/537.36" 127.0.0.12
93.185.26.90 - - [02/Jan/2018:01:22:49 +0300] "GET http://hyundai.service.spb.su/js/maskedinput.js" 200 10317 "http://hyundai.service.spb.su/" "Mozilla/5.0 (Linux; Android 7.0; Redmi Note 4 Build/NRD90M) AppleWebKit/537.36 (KHTML, like Gecko) Chrome/62.0.3202.94 YaBrowser/17.11.0.526.00 Mobile Safari/537.36" 127.0.0.12
93.185.26.90 - - [02/Jan/2018:01:22:49 +0300] "GET http://hyundai.service.spb.su/js/tel.js" 200 74 "http://hyundai.service.spb.su/" "Mozilla/5.0 (Linux; Android 7.0; Redmi Note 4 Build/NRD90M) AppleWebKit/537.36 (KHTML, like Gecko) Chrome/62.0.3202.94 YaBrowser/17.11.0.526.00 Mobile Safari/537.36" 127.0.0.12
93.185.26.90 - - [02/Jan/2018:01:22:49 +0300] "GET http://hyundai.service.spb.su/css/bootstrap.css" 200 146535 "http://hyundai.service.spb.su/" "Mozilla/5.0 (Linux; Android 7.0; Redmi Note 4 Build/NRD90M) AppleWebKit/537.36 (KHTML, like Gecko) Chrome/62.0.3202.94 YaBrowser/17.11.0.526.00 Mobile Safari/537.36" 127.0.0.12
93.185.26.90 - - [02/Jan/2018:01:22:49 +0300] "GET http://hyundai.service.spb.su/js/jquery-2.1.4.min.js" 200 84345 "http://hyundai.service.spb.su/" "Mozilla/5.0 (Linux; Android 7.0; Redmi Note 4 Build/NRD90M) AppleWebKit/537.36 (KHTML, like Gecko) Chrome/62.0.3202.94 YaBrowser/17.11.0.526.00 Mobile Safari/537.36" 127.0.0.12
93.185.26.90 - - [02/Jan/2018:01:22:49 +0300] "GET http://hyundai.service.spb.su/owl-carousel/owl.carousel.js" 200 79152 "http://hyundai.service.spb.su/" "Mozilla/5.0 (Linux; Android 7.0; Redmi Note 4 Build/NRD90M) AppleWebKit/537.36 (KHTML, like Gecko) Chrome/62.0.3202.94 YaBrowser/17.11.0.526.00 Mobile Safari/537.36" 127.0.0.12
93.185.26.90 - - [02/Jan/2018:01:22:49 +0300] "GET http://service.spb.su/css/style.css" 200 120195 "http://hyundai.service.spb.su/" "Mozilla/5.0 (Linux; Android 7.0; Redmi Note 4 Build/NRD90M) AppleWebKit/537.36 (KHTML, like Gecko) Chrome/62.0.3202.94 YaBrowser/17.11.0.526.00 Mobile Safari/537.36" 127.0.0.12
93.185.26.90 - - [02/Jan/2018:01:22:49 +0300] "GET http://hyundai.service.spb.su/js/bootstrap.js" 200 69255 "http://hyundai.service.spb.su/" "Mozilla/5.0 (Linux; Android 7.0; Redmi Note 4 Build/NRD90M) AppleWebKit/537.36 (KHTML, like Gecko) Chrome/62.0.3202.94 YaBrowser/17.11.0.526.00 Mobile Safari/537.36" 127.0.0.12
93.185.26.90 - - [02/Jan/2018:01:22:49 +0300] "GET http://hyundai.service.spb.su/img/logo.jpg" 200 13250 "http://hyundai.service.spb.su/" "Mozilla/5.0 (Linux; Android 7.0; Redmi Note 4 Build/NRD90M) AppleWebKit/537.36 (KHTML, like Gecko) Chrome/62.0.3202.94 YaBrowser/17.11.0.526.00 Mobile Safari/537.36" 127.0.0.12
93.185.26.90 - - [02/Jan/2018:01:22:49 +0300] "GET http://service.spb.su/img/yugo-zapad.png" 200 3738 "http://hyundai.service.spb.su/" "Mozilla/5.0 (Linux; Android 7.0; Redmi Note 4 Build/NRD90M) AppleWebKit/537.36 (KHTML, like Gecko) Chrome/62.0.3202.94 YaBrowser/17.11.0.526.00 Mobile Safari/537.36" 127.0.0.12
93.185.26.90 - - [02/Jan/2018:01:22:49 +0300] "GET http://service.spb.su/img/yug.png" 200 3418 "http://hyundai.service.spb.su/" "Mozilla/5.0 (Linux; Android 7.0; Redmi Note 4 Build/NRD90M) AppleWebKit/537.36 (KHTML, like Gecko) Chrome/62.0.3202.94 YaBrowser/17.11.0.526.00 Mobile Safari/537.36" 127.0.0.12
93.185.26.90 - - [02/Jan/2018:01:22:50 +0300] "GET http://hyundai.service.spb.su/img/auto-service.jpg" 200 11392 "http://hyundai.service.spb.su/" "Mozilla/5.0 (Linux; Android 7.0; Redmi Note 4 Build/NRD90M) AppleWebKit/537.36 (KHTML, like Gecko) Chrome/62.0.3202.94 YaBrowser/17.11.0.526.00 Mobile Safari/537.36" 127.0.0.12
93.185.26.90 - - [02/Jan/2018:01:22:50 +0300] "GET http://service.spb.su/img/marshrut.png" 200 3118 "http://hyundai.service.spb.su/" "Mozilla/5.0 (Linux; Android 7.0; Redmi Note 4 Build/NRD90M) AppleWebKit/537.36 (KHTML, like Gecko) Chrome/62.0.3202.94 YaBrowser/17.11.0.526.00 Mobile Safari/537.36" 127.0.0.12
93.185.26.90 - - [02/Jan/2018:01:22:50 +0300] "GET http://service.spb.su/img/znak.png" 200 5176 "http://hyundai.service.spb.su/" "Mozilla/5.0 (Linux; Android 7.0; Redmi Note 4 Build/NRD90M) AppleWebKit/537.36 (KHTML, like Gecko) Chrome/62.0.3202.94 YaBrowser/17.11.0.526.00 Mobile Safari/537.36" 127.0.0.12
93.185.26.90 - - [02/Jan/2018:01:22:59 +0300] "GET http://service.spb.su/img/edit.png" 200 3155 "http://service.spb.su/css/style.css" "Mozilla/5.0 (Linux; Android 7.0; Redmi Note 4 Build/NRD90M) AppleWebKit/537.36 (KHTML, like Gecko) Chrome/62.0.3202.94 YaBrowser/17.11.0.526.00 Mobile Safari/537.36" 127.0.0.12
93.185.26.90 - - [02/Jan/2018:01:22:59 +0300] "GET http://service.spb.su/img/des1.png" 200 3258 "http://service.spb.su/css/style.css" "Mozilla/5.0 (Linux; Android 7.0; Redmi Note 4 Build/NRD90M) AppleWebKit/537.36 (KHTML, like Gecko) Chrome/62.0.3202.94 YaBrowser/17.11.0.526.00 Mobile Safari/537.36" 127.0.0.12
93.185.26.90 - - [02/Jan/2018:01:22:59 +0300] "GET http://service.spb.su/fonts/proxima-Regular.ttf" 404 342 "http://service.spb.su/css/style.css" "Mozilla/5.0 (Linux; Android 7.0; Redmi Note 4 Build/NRD90M) AppleWebKit/537.36 (KHTML, like Gecko) Chrome/62.0.3202.94 YaBrowser/17.11.0.526.00 Mobile Safari/537.36" 127.0.0.12
93.185.26.90 - - [02/Jan/2018:01:22:59 +0300] "GET http://service.spb.su/img/avto_service_remont_auto.jpg" 200 136503 "http://service.spb.su/css/style.css" "Mozilla/5.0 (Linux; Android 7.0; Redmi Note 4 Build/NRD90M) AppleWebKit/537.36 (KHTML, like Gecko) Chrome/62.0.3202.94 YaBrowser/17.11.0.526.00 Mobile Safari/537.36" 127.0.0.12
93.185.26.90 - - [02/Jan/2018:01:22:59 +0300] "GET http://service.spb.su/fonts/open_sans_condensed.ttf" 200 71224 "http://service.spb.su/css/style.css" "Mozilla/5.0 (Linux; Android 7.0; Redmi Note 4 Build/NRD90M) AppleWebKit/537.36 (KHTML, like Gecko) Chrome/62.0.3202.94 YaBrowser/17.11.0.526.00 Mobile Safari/537.36" 127.0.0.12
93.185.26.90 - - [02/Jan/2018:01:22:59 +0300] "GET http://service.spb.su/img/remont_service_auto.jpg" 200 107707 "http://service.spb.su/css/style.css" "Mozilla/5.0 (Linux; Android 7.0; Redmi Note 4 Build/NRD90M) AppleWebKit/537.36 (KHTML, like Gecko) Chrome/62.0.3202.94 YaBrowser/17.11.0.526.00 Mobile Safari/537.36" 127.0.0.12
93.185.26.90 - - [02/Jan/2018:01:23:00 +0300] "GET http://service.spb.su/fonts/Lato-Light.ttf" 200 644556 "http://service.spb.su/css/style.css" "Mozilla/5.0 (Linux; Android 7.0; Redmi Note 4 Build/NRD90M) AppleWebKit/537.36 (KHTML, like Gecko) Chrome/62.0.3202.94 YaBrowser/17.11.0.526.00 Mobile Safari/537.36" 127.0.0.12
93.185.26.90 - - [02/Jan/2018:01:23:00 +0300] "GET http://service.spb.su/fonts/Proxima-Nova-Thin.otf" 200 90796 "http://service.spb.su/css/style.css" "Mozilla/5.0 (Linux; Android 7.0; Redmi Note 4 Build/NRD90M) AppleWebKit/537.36 (KHTML, like Gecko) Chrome/62.0.3202.94 YaBrowser/17.11.0.526.00 Mobile Safari/537.36" 127.0.0.12
93.185.26.90 - - [02/Jan/2018:01:23:00 +0300] "GET http://hyundai.service.spb.su/fonts/Proxima-Nova-Thin.otf" 200 90796 "http://hyundai.service.spb.su/css/site.css" "Mozilla/5.0 (Linux; Android 7.0; Redmi Note 4 Build/NRD90M) AppleWebKit/537.36 (KHTML, like Gecko) Chrome/62.0.3202.94 YaBrowser/17.11.0.526.00 Mobile Safari/537.36" 127.0.0.12
93.185.26.90 - - [02/Jan/2018:01:23:01 +0300] "GET http://hyundai.service.spb.su/favicon.png" 200 16635 "http://hyundai.service.spb.su/" "Mozilla/5.0 (Linux; Android 7.0; Redmi Note 4 Build/NRD90M) AppleWebKit/537.36 (KHTML, like Gecko) Chrome/62.0.3202.94 YaBrowser/17.11.0.526.00 Mobile Safari/537.36" 127.0.0.12
172.68.141.29 - - [02/Jan/2018:01:23:18 +0300] "GET http://area.spb.ru/" 200 5218 "-" "Mozilla/5.0 (Windows NT 6.1) AppleWebKit/537.36 (KHTML, like Gecko) Chrome/55.0.2883.87 Safari/537.36" 127.0.0.12
162.158.255.119 - - [02/Jan/2018:01:23:19 +0300] "GET http://area.spb.ru/ogShow.aspx?name=ogFoot&line=0&from=oGateeu" 404 5218 "-" "Mozilla/5.0 (Windows NT 10.0; WOW64) AppleWebKit/537.36 (KHTML, like Gecko) Chrome/61.0.3163.100 Safari/537.36" 127.0.0.12
172.68.46.252 - - [02/Jan/2018:01:23:20 +0300] "GET http://area.spb.ru/" 200 5218 "-" "Mozilla/5.0 (Windows NT 6.1) AppleWebKit/537.36 (KHTML, like Gecko) Chrome/55.0.2883.87 Safari/537.36" 127.0.0.12
185.220.101.18 - - [02/Jan/2018:01:23:22 +0300] "GET http://forums.services/" 200 78464 "http://gallerysex.lastnews.in" "Mozilla/5.0 (Windows NT 6.1; WOW64; rv:51.0) Gecko/20100101 Firefox/51.0" 127.0.0.12
185.220.101.18 - - [02/Jan/2018:01:23:35 +0300] "POST http://forums.services/theme/add" 302 336 "http://forums.services/" "Mozilla/5.0 (Windows NT 6.1; WOW64; rv:51.0) Gecko/20100101 Firefox/51.0" 127.0.0.12
64.113.32.29 - - [02/Jan/2018:01:23:39 +0300] "GET http://forums.services/" 200 78862 "http://forums.services/" "Mozilla/5.0 (Windows NT 6.1; WOW64; rv:51.0) Gecko/20100101 Firefox/51.0" 127.0.0.12
185.220.101.6 - - [02/Jan/2018:01:24:06 +0300] "GET http://forums.services/" 200 78464 "http://asian-video-mix.erolove.in" "Mozilla/5.0 (Windows NT 6.3; WOW64; rv:52.0) Gecko/20100101 Firefox/52.0" 127.0.0.12
192.36.27.6 - - [02/Jan/2018:01:24:22 +0300] "POST http://forums.services/theme/add" 302 336 "http://forums.services/" "Mozilla/5.0 (Windows NT 6.3; WOW64; rv:52.0) Gecko/20100101 Firefox/52.0" 127.0.0.12
85.204.74.139 - - [02/Jan/2018:01:24:24 +0300] "GET http://forums.services/" 200 78872 "http://forums.services/" "Mozilla/5.0 (Windows NT 6.3; WOW64; rv:52.0) Gecko/20100101 Firefox/52.0" 127.0.0.12
80.93.54.19 - - [02/Jan/2018:01:24:34 +0300] "GET http://service.spb.su/partner.txt" 200 3 "-" "-" 127.0.0.12
194.67.222.28 - - [02/Jan/2018:01:24:34 +0300] "GET http://kia.service.spb.su/" 200 31853 "-" "Mozilla/5.0 (X11; Linux x86_64; rv:33.0) Gecko/20100101 Firefox/33.0" 127.0.0.12
128.72.221.122 - - [02/Jan/2018:01:25:04 +0300] "GET http://hyundai.service.msk.su/" 200 25487 "http://yandex.ru/clck/jsredir?from=yandex.ru%3Bsearch%3Bweb%3B%3B&text=&etext=1653.BFNCQS9uZ4gEYF41RGGfR5VT9psN0auMsLolssY2OJxy7Oogxp0tWeKWFip3xjv0.9e03a7557a29e155c972b7be3d5ed0a41bcbce4a&uuid=&state=_BLhILn4SxNIvvL0W45KSic66uCIg23qh8iRG98qeIXmeppkgUc0YLeQVNu7TCjFWhspMNrg36Y&data=UlNrNmk5WktYejR0eWJFYk1LdmtxaUVfUWQ1V205ZEJvOXc3S19RZmNTNDdobUtEcC1Kd0gyZGNxQnN2NmUtOF9oMl9BTzlXejdZaU91enREMEZHd05lcU9EdHhvbVUwNXpzRnZpWldnVkk&b64e=2&sign=ed9946166c6a9a06c1fdbf238e0919ec&keyno=0&cst=AiuY0DBWFJ7IXge4WdYJQXbYQp9t5VF69NcBjeIohxihVR-nQkr1au1DDfCVJu1g2ad4D28OwG3-Uvp7uHurSd5wxyshGYcBBXnhMl6_E7B9RkJoSHNz4iWcIEzBqLKnwzRtAbaEm8vvgIfvLeCvPODq_ZqbVcK_&ref=orjY4mGPRjk5boDnW0uvlrrd71vZw9kp5uQozpMtKCXma_RTIh0ntCx4Uif5usJdVTuh75FatQddtwfd_e0wLN6h_S0mnkOWK8NreWXB_A9g4V43E4aJhvIk1RSd6j8A&l10n=ru&cts=1514844606591&mc=5.43512880933" "Mozilla/5.0 (Windows NT 6.3; WOW64) AppleWebKit/537.36 (KHTML, like Gecko) Chrome/60.0.3112.113 YaBrowser/17.9.1.852 Yowser/2.5 Safari/537.36" 127.0.0.11
128.72.221.122 - - [02/Jan/2018:01:25:04 +0300] "GET http://hyundai.service.msk.su/owl-carousel/owl.theme.css" 404 25487 "http://hyundai.service.msk.su/" "Mozilla/5.0 (Windows NT 6.3; WOW64) AppleWebKit/537.36 (KHTML, like Gecko) Chrome/60.0.3112.113 YaBrowser/17.9.1.852 Yowser/2.5 Safari/537.36" 127.0.0.11
128.72.221.122 - - [02/Jan/2018:01:25:04 +0300] "GET http://hyundai.service.msk.su/owl-carousel/owl.transitions.css" 404 25487 "http://hyundai.service.msk.su/" "Mozilla/5.0 (Windows NT 6.3; WOW64) AppleWebKit/537.36 (KHTML, like Gecko) Chrome/60.0.3112.113 YaBrowser/17.9.1.852 Yowser/2.5 Safari/537.36" 127.0.0.11
128.72.221.122 - - [02/Jan/2018:01:25:04 +0300] "GET http://hyundai.service.msk.su/owl-carousel/assets/owl.carousel.css" 200 4621 "http://hyundai.service.msk.su/" "Mozilla/5.0 (Windows NT 6.3; WOW64) AppleWebKit/537.36 (KHTML, like Gecko) Chrome/60.0.3112.113 YaBrowser/17.9.1.852 Yowser/2.5 Safari/537.36" 127.0.0.11
128.72.221.122 - - [02/Jan/2018:01:25:04 +0300] "GET http://hyundai.service.msk.su/css/jquery.fancybox.css" 200 4937 "http://hyundai.service.msk.su/" "Mozilla/5.0 (Windows NT 6.3; WOW64) AppleWebKit/537.36 (KHTML, like Gecko) Chrome/60.0.3112.113 YaBrowser/17.9.1.852 Yowser/2.5 Safari/537.36" 127.0.0.11
128.72.221.122 - - [02/Jan/2018:01:25:04 +0300] "GET http://hyundai.service.msk.su/js/maskedinput.js" 200 10317 "http://hyundai.service.msk.su/" "Mozilla/5.0 (Windows NT 6.3; WOW64) AppleWebKit/537.36 (KHTML, like Gecko) Chrome/60.0.3112.113 YaBrowser/17.9.1.852 Yowser/2.5 Safari/537.36" 127.0.0.11
128.72.221.122 - - [02/Jan/2018:01:25:04 +0300] "GET http://hyundai.service.msk.su/img/auto-service.jpg" 200 11392 "http://hyundai.service.msk.su/" "Mozilla/5.0 (Windows NT 6.3; WOW64) AppleWebKit/537.36 (KHTML, like Gecko) Chrome/60.0.3112.113 YaBrowser/17.9.1.852 Yowser/2.5 Safari/537.36" 127.0.0.11
176.77.2.75 - - [02/Jan/2018:01:19:29 +0300] "GET http://infiniti.service.spb.su/owl-carousel/owl.theme.css" 404 352 "http://infiniti.service.spb.su/" "Mozilla/5.0 (compatible; MSIE 10.0; Windows NT 6.1; Trident/6.0; MASBJS)" 127.0.0.12
176.77.2.75 - - [02/Jan/2018:01:19:29 +0300] "GET http://infiniti.service.spb.su/owl-carousel/owl.transitions.css" 404 358 "http://infiniti.service.spb.su/" "Mozilla/5.0 (compatible; MSIE 10.0; Windows NT 6.1; Trident/6.0; MASBJS)" 127.0.0.12
176.77.2.75 - - [02/Jan/2018:01:19:29 +0300] "GET http://infiniti.service.spb.su/owl-carousel/assets/owl.carousel.css" 200 4621 "http://infiniti.service.spb.su/" "Mozilla/5.0 (compatible; MSIE 10.0; Windows NT 6.1; Trident/6.0; MASBJS)" 127.0.0.12
176.77.2.75 - - [02/Jan/2018:01:19:29 +0300] "GET http://infiniti.service.spb.su/css/jquery.fancybox.css" 200 4937 "http://infiniti.service.spb.su/" "Mozilla/5.0 (compatible; MSIE 10.0; Windows NT 6.1; Trident/6.0; MASBJS)" 127.0.0.12
176.77.2.75 - - [02/Jan/2018:01:19:29 +0300] "GET http://infiniti.service.spb.su/css/site.css" 200 1852 "http://infiniti.service.spb.su/" "Mozilla/5.0 (compatible; MSIE 10.0; Windows NT 6.1; Trident/6.0; MASBJS)" 127.0.0.12
176.77.2.75 - - [02/Jan/2018:01:19:29 +0300] "GET http://service.spb.su/css/style.css" 200 120195 "http://infiniti.service.spb.su/" "Mozilla/5.0 (compatible; MSIE 10.0; Windows NT 6.1; Trident/6.0; MASBJS)" 127.0.0.12
176.77.2.75 - - [02/Jan/2018:01:19:29 +0300] "GET http://infiniti.service.spb.su/js/jquery.fancybox.pack.js" 200 23135 "http://infiniti.service.spb.su/" "Mozilla/5.0 (compatible; MSIE 10.0; Windows NT 6.1; Trident/6.0; MASBJS)" 127.0.0.12
176.77.2.75 - - [02/Jan/2018:01:19:29 +0300] "GET http://infiniti.service.spb.su/css/bootstrap.css" 200 146535 "http://infiniti.service.spb.su/" "Mozilla/5.0 (compatible; MSIE 10.0; Windows NT 6.1; Trident/6.0; MASBJS)" 127.0.0.12
176.77.2.75 - - [02/Jan/2018:01:19:30 +0300] "GET http://infiniti.service.spb.su/js/maskedinput.js" 200 10317 "http://infiniti.service.spb.su/" "Mozilla/5.0 (compatible; MSIE 10.0; Windows NT 6.1; Trident/6.0; MASBJS)" 127.0.0.12
176.77.2.75 - - [02/Jan/2018:01:19:30 +0300] "GET http://infiniti.service.spb.su/js/jquery-2.1.4.min.js" 200 84345 "http://infiniti.service.spb.su/" "Mozilla/5.0 (compatible; MSIE 10.0; Windows NT 6.1; Trident/6.0; MASBJS)" 127.0.0.12
176.77.2.75 - - [02/Jan/2018:01:19:30 +0300] "GET http://infiniti.service.spb.su/owl-carousel/owl.carousel.js" 200 79152 "http://infiniti.service.spb.su/" "Mozilla/5.0 (compatible; MSIE 10.0; Windows NT 6.1; Trident/6.0; MASBJS)" 127.0.0.12
176.77.2.75 - - [02/Jan/2018:01:19:31 +0300] "GET http://infiniti.service.spb.su/js/tel.js" 200 74 "http://infiniti.service.spb.su/" "Mozilla/5.0 (compatible; MSIE 10.0; Windows NT 6.1; Trident/6.0; MASBJS)" 127.0.0.12
157.55.39.119 - - [02/Jan/2018:01:19:40 +0300] "GET http://kamni.spb.ru/assets/images/work/otdelka-okna-doma-prirodnim-kamnem-spb.jpg" 200 138722 "-" "Mozilla/5.0 (compatible; bingbot/2.0; +http://www.bing.com/bingbot.htm)" 127.0.0.12
80.93.54.19 - - [02/Jan/2018:01:24:54 +0300] "GET http://service.spb.su/partner.txt" 200 3 "-" "-" 127.0.0.12
141.8.142.123 - - [02/Jan/2018:01:24:54 +0300] "GET http://honda.service.spb.su/" 200 31761 "-" "Mozilla/5.0 (compatible; YandexMetrika/2.0; +http://yandex.com/bots yabs01)" 127.0.0.12
128.72.221.122 - - [02/Jan/2018:01:25:06 +0300] "GET http://hyundai.service.msk.su/img/overlay-dark.png" 404 25487 "http://hyundai.service.msk.su/" "Mozilla/5.0 (Windows NT 6.3; WOW64) AppleWebKit/537.36 (KHTML, like Gecko) Chrome/60.0.3112.113 YaBrowser/17.9.1.852 Yowser/2.5 Safari/537.36" 127.0.0.11
128.72.221.122 - - [02/Jan/2018:01:25:06 +0300] "GET http://hyundai.service.msk.su/img/edit.png" 200 3155 "http://hyundai.service.msk.su/" "Mozilla/5.0 (Windows NT 6.3; WOW64) AppleWebKit/537.36 (KHTML, like Gecko) Chrome/60.0.3112.113 YaBrowser/17.9.1.852 Yowser/2.5 Safari/537.36" 127.0.0.11
128.72.221.122 - - [02/Jan/2018:01:25:04 +0300] "GET http://hyundai.service.msk.su/img/logo.jpg" 200 13250 "http://hyundai.service.msk.su/" "Mozilla/5.0 (Windows NT 6.3; WOW64) AppleWebKit/537.36 (KHTML, like Gecko) Chrome/60.0.3112.113 YaBrowser/17.9.1.852 Yowser/2.5 Safari/537.36" 127.0.0.11
128.72.221.122 - - [02/Jan/2018:01:25:04 +0300] "GET http://hyundai.service.msk.su/js/tel.js" 200 74 "http://hyundai.service.msk.su/" "Mozilla/5.0 (Windows NT 6.3; WOW64) AppleWebKit/537.36 (KHTML, like Gecko) Chrome/60.0.3112.113 YaBrowser/17.9.1.852 Yowser/2.5 Safari/537.36" 127.0.0.11
128.72.221.122 - - [02/Jan/2018:01:25:04 +0300] "GET http://hyundai.service.msk.su/js/jquery.fancybox.pack.js" 200 23135 "http://hyundai.service.msk.su/" "Mozilla/5.0 (Windows NT 6.3; WOW64) AppleWebKit/537.36 (KHTML, like Gecko) Chrome/60.0.3112.113 YaBrowser/17.9.1.852 Yowser/2.5 Safari/537.36" 127.0.0.11
128.72.221.122 - - [02/Jan/2018:01:25:04 +0300] "GET http://hyundai.service.msk.su/img/znak.png" 200 5176 "http://hyundai.service.msk.su/" "Mozilla/5.0 (Windows NT 6.3; WOW64) AppleWebKit/537.36 (KHTML, like Gecko) Chrome/60.0.3112.113 YaBrowser/17.9.1.852 Yowser/2.5 Safari/537.36" 127.0.0.11
128.72.221.122 - - [02/Jan/2018:01:25:04 +0300] "GET http://hyundai.service.msk.su/css/site.css" 200 1852 "http://hyundai.service.msk.su/" "Mozilla/5.0 (Windows NT 6.3; WOW64) AppleWebKit/537.36 (KHTML, like Gecko) Chrome/60.0.3112.113 YaBrowser/17.9.1.852 Yowser/2.5 Safari/537.36" 127.0.0.11
128.72.221.122 - - [02/Jan/2018:01:25:04 +0300] "GET http://hyundai.service.msk.su/css/style.css" 200 119533 "http://hyundai.service.msk.su/" "Mozilla/5.0 (Windows NT 6.3; WOW64) AppleWebKit/537.36 (KHTML, like Gecko) Chrome/60.0.3112.113 YaBrowser/17.9.1.852 Yowser/2.5 Safari/537.36" 127.0.0.11
128.72.221.122 - - [02/Jan/2018:01:25:04 +0300] "GET http://hyundai.service.msk.su/css/bootstrap.css" 200 146535 "http://hyundai.service.msk.su/" "Mozilla/5.0 (Windows NT 6.3; WOW64) AppleWebKit/537.36 (KHTML, like Gecko) Chrome/60.0.3112.113 YaBrowser/17.9.1.852 Yowser/2.5 Safari/537.36" 127.0.0.11
128.72.221.122 - - [02/Jan/2018:01:25:04 +0300] "GET http://hyundai.service.msk.su/owl-carousel/owl.carousel.js" 200 79152 "http://hyundai.service.msk.su/" "Mozilla/5.0 (Windows NT 6.3; WOW64) AppleWebKit/537.36 (KHTML, like Gecko) Chrome/60.0.3112.113 YaBrowser/17.9.1.852 Yowser/2.5 Safari/537.36" 127.0.0.11
128.72.221.122 - - [02/Jan/2018:01:25:04 +0300] "GET http://hyundai.service.msk.su/js/jquery-2.1.4.min.js" 200 84345 "http://hyundai.service.msk.su/" "Mozilla/5.0 (Windows NT 6.3; WOW64) AppleWebKit/537.36 (KHTML, like Gecko) Chrome/60.0.3112.113 YaBrowser/17.9.1.852 Yowser/2.5 Safari/537.36" 127.0.0.11
128.72.221.122 - - [02/Jan/2018:01:25:04 +0300] "GET http://service.msk.su/img/Service-remon-sto.jpg" 200 42249 "http://hyundai.service.msk.su/" "Mozilla/5.0 (Windows NT 6.3; WOW64) AppleWebKit/537.36 (KHTML, like Gecko) Chrome/60.0.3112.113 YaBrowser/17.9.1.852 Yowser/2.5 Safari/537.36" 127.0.0.11
128.72.221.122 - - [02/Jan/2018:01:25:04 +0300] "GET http://hyundai.service.msk.su/js/bootstrap.js" 200 69255 "http://hyundai.service.msk.su/" "Mozilla/5.0 (Windows NT 6.3; WOW64) AppleWebKit/537.36 (KHTML, like Gecko) Chrome/60.0.3112.113 YaBrowser/17.9.1.852 Yowser/2.5 Safari/537.36" 127.0.0.11
128.72.221.122 - - [02/Jan/2018:01:25:06 +0300] "GET http://hyundai.service.msk.su/img/des1.png" 200 3258 "http://hyundai.service.msk.su/" "Mozilla/5.0 (Windows NT 6.3; WOW64) AppleWebKit/537.36 (KHTML, like Gecko) Chrome/60.0.3112.113 YaBrowser/17.9.1.852 Yowser/2.5 Safari/537.36" 127.0.0.11
128.72.221.122 - - [02/Jan/2018:01:25:06 +0300] "GET http://hyundai.service.msk.su/img/remont_service_auto.jpg" 200 103404 "http://hyundai.service.msk.su/" "Mozilla/5.0 (Windows NT 6.3; WOW64) AppleWebKit/537.36 (KHTML, like Gecko) Chrome/60.0.3112.113 YaBrowser/17.9.1.852 Yowser/2.5 Safari/537.36" 127.0.0.11
92.87.236.230 - - [02/Jan/2018:01:25:33 +0300] "GET http://forums.services/" 200 78464 "http://sexy-stockings.tobuy.in" "Mozilla/5.0 (Windows NT 6.3; Win64; x64) AppleWebKit/537.36 (KHTML, like Gecko) Chrome/58.0.3029.110 Safari/537.36" 127.0.0.12
92.87.236.230 - - [02/Jan/2018:01:25:36 +0300] "POST http://forums.services/theme/add" 302 336 "http://forums.services/" "Mozilla/5.0 (Windows NT 6.3; Win64; x64) AppleWebKit/537.36 (KHTML, like Gecko) Chrome/58.0.3029.110 Safari/537.36" 127.0.0.12
92.87.236.230 - - [02/Jan/2018:01:25:37 +0300] "GET http://forums.services/" 200 79001 "http://forums.services/" "Mozilla/5.0 (Windows NT 6.3; Win64; x64) AppleWebKit/537.36 (KHTML, like Gecko) Chrome/58.0.3029.110 Safari/537.36" 127.0.0.12
80.93.54.19 - - [02/Jan/2018:01:26:39 +0300] "GET http://service.spb.su/partner.txt" 200 3 "-" "-" 127.0.0.12
37.9.113.149 - - [02/Jan/2018:01:26:39 +0300] "GET http://rangerover.service.spb.su/" 200 60359 "-" "Mozilla/5.0 (compatible; YandexMetrika/2.0; +http://yandex.com/bots yabs01)" 127.0.0.12
80.93.54.19 - - [02/Jan/2018:01:27:02 +0300] "GET http://service.spb.su/partner.txt" 200 3 "-" "-" 127.0.0.12
176.121.14.165 - - [02/Jan/2018:01:27:02 +0300] "GET http://subaru.service.spb.su/" 200 31787 "http://auto.spb-citystar.ru/go?to=http%3A%2F%2Fsubaru.service.spb.su%2F" "Mozilla/5.0 (Windows NT 4.0; WOW64) AppleWebKit/537.36 (KHTML, like Gecko) Chrome/37.0.2049.0 Safari/537.36" 127.0.0.12
80.75.132.186 - - [02/Jan/2018:01:27:53 +0300] "GET http://service.msk.su/" 200 25747 "-" "Mozilla/5.0 (Windows; U; Windows NT 5.1; en-US; rv:1.8.1.1) Gecko/20061204 Firefox/2.0.0.1" 127.0.0.11
66.249.66.129 - - [02/Jan/2018:01:32:13 +0300] "GET http://dveri.spb.su/sites/default/files/%D0%92%D1%85%D0%BE%D0%B4%D0%BD%D0%B0%D1%8F-%D0%BC%D0%B5%D1%82%D0%B0%D0%BB%D0%BB%D0%B8%D1%87%D0%B5%D1%81%D0%BA%D0%B0%D1%8F-%D0%B4%D0%B2%D0%B5%D1%80%D1%8C-%D0%AD%D0%BB%D1%8C%D0%B1%D0%BE%D1%80-%D0%A0%D0%B8%D0%BC%20%D0%9C%D0%B0%D1%85%D0%B0%D0%B3%D0%BE%D0%BD_1.jpg" 200 28213 "-" "Googlebot-Image/1.0" -
54.36.148.12 - - [02/Jan/2018:01:32:49 +0300] "GET http://ostatki.kamni.spb.ru/cart/add/19036" 302 0 "-" "Mozilla/5.0 (compatible; AhrefsBot/5.2; +http://ahrefs.com/robot/)" 127.0.0.12
87.250.224.110 - - [02/Jan/2018:01:33:42 +0300] "GET http://abto.spb.ru/" 200 134365 "-" "Mozilla/5.0 (compatible; YandexMetrika/2.0; +http://yandex.com/bots yabs01)" 127.0.0.12
66.249.66.133 - - [02/Jan/2018:01:36:17 +0300] "GET http://dveri.spb.su/sites/default/files/%D0%9C%D0%B5%D0%B6%D0%BA%D0%BE%D0%BC%D0%BD%D0%B0%D1%82%D0%BD%D0%B0%D1%8F-%D0%B4%D0%B2%D0%B5%D1%80%D1%8C-%D0%92%D0%B0%D1%80%D0%B0%D0%B4%D0%BE%D1%80-%D0%A1%D0%BE%D1%80%D0%B5%D0%BD%D1%82%D0%BE-%D1%81%D0%BE-%D1%81%D1%82%D0%B5%D0%BA%D0%BB%D0%BE%D0%BC-%D0%B4%D0%B2%D0%B5-%D0%B2%D1%81%D1%82%D0%B0%D0%B2%D0%BA%D0%B8-%D1%86%D0%B2%D0%B5%D1%82-%D0%B1%D0%B5%D0%BB%D0%B5%D0%BD%D1%8B%D0%B9-%D0%B4%D1%83%D0%B1.jpg" 200 15627 "-" "Googlebot-Image/1.0" -
37.9.113.66 - - [02/Jan/2018:01:37:42 +0300] "GET http://mazda.forums.services/robots.txt" 200 92 "-" "Mozilla/5.0 (compatible; YandexBot/3.0; +http://yandex.com/bots)" 127.0.0.12
213.180.203.47 - - [02/Jan/2018:01:37:46 +0300] "GET http://mazda.forums.services/themes" 200 29001 "-" "Mozilla/5.0 (compatible; YandexBot/3.0; +http://yandex.com/bots)" 127.0.0.12
5.255.230.146 - - [02/Jan/2018:01:39:05 +0300] "GET http://dveri.spb.su/" 200 104980 "-" "Mozilla/5.0 (compatible; YandexMetrika/2.0; +http://yandex.com/bots mtmon01it.mtrs.yandex.ru)" 127.0.0.10
185.220.101.8 - - [02/Jan/2018:01:40:11 +0300] "GET http://forums.services/" 200 78464 "http://black.bodies.sexblog.top" "Mozilla/5.0 (Windows NT 10.0; Win64; x64) AppleWebKit/537.36 (KHTML, like Gecko) Chrome/57.0.2987.110 Safari/537.36" 127.0.0.12
185.220.101.8 - - [02/Jan/2018:01:40:13 +0300] "POST http://forums.services/theme/add" 302 336 "http://forums.services/" "Mozilla/5.0 (Windows NT 10.0; Win64; x64) AppleWebKit/537.36 (KHTML, like Gecko) Chrome/57.0.2987.110 Safari/537.36" 127.0.0.12
128.72.221.122 - - [02/Jan/2018:01:25:06 +0300] "GET http://hyundai.service.msk.su/img/avto_service_remont_auto.jpg" 200 43312 "http://hyundai.service.msk.su/" "Mozilla/5.0 (Windows NT 6.3; WOW64) AppleWebKit/537.36 (KHTML, like Gecko) Chrome/60.0.3112.113 YaBrowser/17.9.1.852 Yowser/2.5 Safari/537.36" 127.0.0.11
178.154.171.52 - - [02/Jan/2018:01:30:59 +0300] "GET http://opel.service.spb.su/" 200 28560 "-" "Mozilla/5.0 (compatible; YandexMetrika/2.0; +http://yandex.com/bots yabs01)" 127.0.0.12
95.108.181.62 - - [02/Jan/2018:01:33:18 +0300] "GET http://castrol.service.spb.su/" 200 19945 "-" "Mozilla/5.0 (compatible; YandexMetrika/2.0; +http://yandex.com/bots yabs01)" 127.0.0.6
87.250.224.121 - - [02/Jan/2018:01:41:24 +0300] "GET http://audi.service.spb.su/" 200 20001 "-" "Mozilla/5.0 (compatible; YandexMetrika/2.0; +http://yandex.com/bots yabs01)" 127.0.0.6
80.93.54.19 - - [02/Jan/2018:01:43:30 +0300] "GET http://service.spb.su/partner.txt" 200 3 "-" "-" 127.0.0.12
141.8.183.214 - - [02/Jan/2018:01:43:30 +0300] "GET http://mazda.service.spb.su/" 200 31728 "-" "Mozilla/5.0 (compatible; YandexBot/3.0; +http://yandex.com/bots)" 127.0.0.12
157.55.39.170 - - [02/Jan/2018:01:45:09 +0300] "GET http://dveri.spb.su/sites/default/files/styles/300x568/public/%D0%9C%D0%B5%D0%B6%D0%BA%D0%BE%D0%BC%D0%BD%D0%B0%D1%82%D0%BD%D0%B0%D1%8F-%D0%B4%D0%B2%D0%B5%D1%80%D1%8C-%D0%92%D0%A4%D0%94-%D0%93%D1%80%D0%B0%D1%86%D0%B8%D1%8F-10%D0%94%D0%9E1-%D1%81%D0%B2%D0%B5%D1%82%D0%BB%D1%8B%D0%B9-%D0%B4%D1%83%D0%B1.jpg" 200 89209 "-" "Mozilla/5.0 (compatible; bingbot/2.0; +http://www.bing.com/bingbot.htm)" -
5.255.230.146 - - [02/Jan/2018:01:45:35 +0300] "GET http://xn--80aal0a.service.spb.su/" 200 30881 "-" "Mozilla/5.0 (compatible; YandexMetrika/2.0; +http://yandex.com/bots mtmon01it.mtrs.yandex.ru)" 127.0.0.12
80.93.54.19 - - [02/Jan/2018:01:50:15 +0300] "GET http://service.spb.su/partner.txt" 200 3 "-" "-" 127.0.0.12
5.255.230.146 - - [02/Jan/2018:01:50:15 +0300] "GET http://dodge.service.spb.su/" 200 32120 "-" "Mozilla/5.0 (compatible; YandexMetrika/2.0; +http://yandex.com/bots mtmon01it.mtrs.yandex.ru)" 127.0.0.12
80.93.54.19 - - [02/Jan/2018:01:50:19 +0300] "GET http://service.spb.su/partner.txt" 200 3 "-" "-" 127.0.0.12
91.200.12.154 - - [02/Jan/2018:01:50:19 +0300] "GET http://infiniti.service.spb.su/" 200 31789 "http://infiniti.service.spb.su/" "Mozilla/5.0 (Windows NT 10.0; Win64; x64; rv:52.0) Gecko/20100101 Firefox/52.0" 127.0.0.12
80.93.54.19 - - [02/Jan/2018:01:50:19 +0300] "GET http://service.spb.su/partner.txt" 200 3 "-" "-" 127.0.0.12
91.200.12.154 - - [02/Jan/2018:01:50:19 +0300] "POST http://infiniti.service.spb.su/" 200 31789 "http://infiniti.service.spb.su/" "Mozilla/5.0 (Windows NT 10.0; Win64; x64; rv:52.0) Gecko/20100101 Firefox/52.0" 127.0.0.12
141.8.142.21 - - [02/Jan/2018:01:51:41 +0300] "GET http://opel.forums.services/robots.txt" 200 90 "-" "Mozilla/5.0 (compatible; YandexBot/3.0; +http://yandex.com/bots)" 127.0.0.12
213.180.203.29 - - [02/Jan/2018:01:51:45 +0300] "GET http://opel.forums.services/zafira" 200 27797 "-" "Mozilla/5.0 (compatible; YandexBot/3.0; +http://yandex.com/bots)" 127.0.0.12
141.8.183.214 - - [02/Jan/2018:01:51:58 +0300] "GET http://www.applebus.ru/robots.txt" 200 2189 "-" "Mozilla/5.0 (compatible; YandexBot/3.0; +http://yandex.com/bots)" 127.0.0.2
87.250.224.56 - - [02/Jan/2018:01:52:07 +0300] "GET http://volkswagen.forums.services/robots.txt" 200 102 "-" "Mozilla/5.0 (compatible; YandexBot/3.0; +http://yandex.com/bots)" 127.0.0.12
66.249.66.129 - - [02/Jan/2018:01:52:09 +0300] "GET http://dveri.spb.su/sites/default/files/%D0%92%D1%85%D0%BE%D0%B4%D0%BD%D0%B0%D1%8F-%D0%BC%D0%B5%D1%82%D0%B0%D0%BB%D0%BB%D0%B8%D1%87%D0%B5%D1%81%D0%BA%D0%B0%D1%8F-%D0%B4%D0%B2%D0%B5%D1%80%D1%8C-%D0%AD%D0%BB%D1%8C%D0%B1%D0%BE%D1%80-%D0%90%D1%84%D0%B8%D0%BD%D1%8B-%D0%9C%D0%B0%D1%85%D0%B0%D0%B3%D0%BE%D0%BD_2.jpg" 200 30263 "-" "Googlebot-Image/1.0" -
66.249.66.131 - - [02/Jan/2018:01:52:09 +0300] "GET http://dveri.spb.su/sites/default/files/%D0%92%D1%85%D0%BE%D0%B4%D0%BD%D0%B0%D1%8F-%D0%BC%D0%B5%D1%82%D0%B0%D0%BB%D0%BB%D0%B8%D1%87%D0%B5%D1%81%D0%BA%D0%B0%D1%8F-%D0%B4%D0%B2%D0%B5%D1%80%D1%8C-%D0%AD%D0%BB%D1%8C%D0%B1%D0%BE%D1%80-%D0%9B%D0%BE%D0%BD%D0%B4%D0%BE%D0%BD-%D0%9C%D0%B0%D1%85%D0%B0%D0%B3%D0%BE%D0%BD_1.jpg" 200 27137 "-" "Googlebot-Image/1.0" -
178.154.200.35 - - [02/Jan/2018:01:52:11 +0300] "GET http://volkswagen.forums.services/theme/23" 200 29895 "-" "Mozilla/5.0 (compatible; YandexBot/3.0; +http://yandex.com/bots)" 127.0.0.12
141.8.183.214 - - [02/Jan/2018:01:52:18 +0300] "GET http://www.applebus.ru/contact/kontaktyi/arenda-avtobusov-i-mikroavtobusov-v-sankt-peterburge.html" 200 17448 "-" "Mozilla/5.0 (compatible; YandexBot/3.0; +http://yandex.com/bots)" 127.0.0.2
80.93.54.19 - - [02/Jan/2018:01:52:44 +0300] "GET http://service.spb.su/partner.txt" 200 3 "-" "-" 127.0.0.12
213.180.203.29 - - [02/Jan/2018:01:52:44 +0300] "GET http://xn--80aim6b.service.spb.su/" 200 43814 "-" "Mozilla/5.0 (compatible; YandexMetrika/2.0; +http://yandex.com/bots yabs01)" 127.0.0.12
66.249.66.129 - - [02/Jan/2018:01:54:00 +0300] "GET http://dveri.spb.su/sites/default/files/%D0%92%D1%85%D0%BE%D0%B4%D0%BD%D0%B0%D1%8F-%D0%BC%D0%B5%D1%82%D0%B0%D0%BB%D0%BB%D0%B8%D1%87%D0%B5%D1%81%D0%BA%D0%B0%D1%8F-%D0%B4%D0%B2%D0%B5%D1%80%D1%8C-%D0%93%D1%80%D0%B0%D0%BD%D0%B8%D1%82-%D0%9C2-%D0%B7%D0%B0%D0%BC%D0%BE%D0%BA.jpg" 200 77360 "-" "Googlebot-Image/1.0" -
213.180.203.42 - - [02/Jan/2018:01:56:06 +0300] "GET http://audi.forums.services/robots.txt" 200 90 "-" "Mozilla/5.0 (compatible; YandexBot/3.0; +http://yandex.com/bots)" 127.0.0.12
213.180.203.14 - - [02/Jan/2018:01:56:10 +0300] "GET http://audi.forums.services/q3" 200 29374 "-" "Mozilla/5.0 (compatible; YandexBot/3.0; +http://yandex.com/bots)" 127.0.0.12
217.66.158.175 - - [02/Jan/2018:01:56:12 +0300] "GET http://crm.spb.ru/orders" 302 0 "-" "Mozilla/5.0 (iPhone; CPU iPhone OS 10_3_3 like Mac OS X) AppleWebKit/603.3.8 (KHTML, like Gecko) Version/10.0 Mobile/14G60 Safari/602.1" 127.0.0.12
217.66.158.175 - - [02/Jan/2018:01:56:12 +0300] "GET http://crm.spb.ru/user/login" 200 1526 "-" "Mozilla/5.0 (iPhone; CPU iPhone OS 10_3_3 like Mac OS X) AppleWebKit/603.3.8 (KHTML, like Gecko) Version/10.0 Mobile/14G60 Safari/602.1" 127.0.0.12
217.66.158.175 - - [02/Jan/2018:01:56:12 +0300] "GET http://crm.spb.ru/apple-touch-icon-120x120-precomposed.png" 302 0 "-" "MobileSafari/602.1 CFNetwork/811.5.4 Darwin/16.7.0" 127.0.0.12
217.66.158.175 - - [02/Jan/2018:01:56:12 +0300] "GET http://crm.spb.ru/user/login" 200 1526 "-" "MobileSafari/602.1 CFNetwork/811.5.4 Darwin/16.7.0" 127.0.0.12
217.66.158.175 - - [02/Jan/2018:01:56:12 +0300] "GET http://crm.spb.ru/apple-touch-icon-120x120.png" 302 0 "-" "MobileSafari/602.1 CFNetwork/811.5.4 Darwin/16.7.0" 127.0.0.12
217.66.158.175 - - [02/Jan/2018:01:56:12 +0300] "GET http://crm.spb.ru/user/login" 200 1526 "-" "MobileSafari/602.1 CFNetwork/811.5.4 Darwin/16.7.0" 127.0.0.12
217.66.158.175 - - [02/Jan/2018:01:56:12 +0300] "GET http://crm.spb.ru/apple-touch-icon-precomposed.png" 302 0 "-" "MobileSafari/602.1 CFNetwork/811.5.4 Darwin/16.7.0" 127.0.0.12
217.66.158.175 - - [02/Jan/2018:01:56:12 +0300] "GET http://crm.spb.ru/user/login" 200 1526 "-" "MobileSafari/602.1 CFNetwork/811.5.4 Darwin/16.7.0" 127.0.0.12
217.66.158.175 - - [02/Jan/2018:01:56:13 +0300] "GET http://crm.spb.ru/apple-touch-icon.png" 302 0 "-" "MobileSafari/602.1 CFNetwork/811.5.4 Darwin/16.7.0" 127.0.0.12
217.66.158.175 - - [02/Jan/2018:01:56:13 +0300] "GET http://crm.spb.ru/user/login" 200 1526 "-" "MobileSafari/602.1 CFNetwork/811.5.4 Darwin/16.7.0" 127.0.0.12
217.66.158.175 - - [02/Jan/2018:01:56:13 +0300] "GET http://crm.spb.ru/favicon.ico" 302 0 "-" "MobileSafari/602.1 CFNetwork/811.5.4 Darwin/16.7.0" 127.0.0.12
